c[?7l[2J[0mSeaBIOS (version 1.15.0-1)


iPXE (https://ipxe.org) 00:03.0 CA00 PCI2.10 PnP PMM+0138B4A0+012CB4A0 CA00
Press Ctrl-B to configure iPXE (PCI 00:03.0)...
                                                                               


Booting from Hard Disk..Kernel command line: -q -f put fork-once run fork-once
0 ~ 9fc00 1
100000 ~ 13e0000 1
Pintos booting with: 
	base_mem: 0x0 ~ 0x9fc00 (Usable: 639 kB)
	ext_mem: 0x100000 ~ 0x13e0000 (Usable: 19,328 kB)
Calibrating timer...  157,081,600 loops/s.
hd0: unexpected interrupt
hd0:0: detected 377 sector (188 kB) disk, model "QEMU HARDDISK", serial "QM00001"
hd0:1: detected 20,160 sector (9 MB) disk, model "QEMU HARDDISK", serial "QM00002"
hd1: unexpected interrupt
hd1:0: detected 120 sector (60 kB) disk, model "QEMU HARDDISK", serial "QM00003"
hd1:1: detected 8,064 sector (3 MB) disk, model "QEMU HARDDISK", serial "QM00004"
Formatting file system...done.
[DEG] r=thrd tid= 1 p4=           0 k=call   fn=vm_init      args={void}
[DEG] r=thrd tid= 1 p4=           0 k=call   fn=init_frame_t args={frame_table=0x8004231920}
[DEG] r=thrd tid= 1 p4=           0 k=return fn=init_frame_t void
[DEG] r=thrd tid= 1 p4=           0 k=return fn=vm_init      void
Boot complete.
Putting 'fork-once' into the file system...
Executing 'fork-once':
[DEG] r=thrd tid= 3 p4=           0 k=call   fn=initd        args={file_name="fork-once" status=0x8004248018}
[DEG] r=thrd tid= 3 p4=           0 k=call   fn=supplemental args={init spt=0x80042490f0}
[DEG] r=thrd tid= 3 p4=           0 k=return fn=supplemental void
[DEG] r=thrd tid= 3 p4=           0 k=call   fn=process_exec args={f_name=0x8004246000 file_name="fork-once"}
[DEG] r=thrd tid= 3 p4=           0 k=call   fn=load         args={file_name="fork-once" if_=0x8004249e58}
[DEG] r=thrd tid= 3 p4=0x800424a000 k=seg    fn=load         vals={file_page=0 mem_page=4190208 read_bytes=400 zero_bytes=3696 writable=0}
[DEG] r=thrd tid= 3 p4=0x800424a000 k=call   fn=load_segment args={file=0x8004243038 ofs=0 upage=0x3ff000 read_bytes=400 zero_bytes=3696 writable=0}
[DEG] r=thrd tid= 3 p4=0x800424a000 k=loop.s fn=load_segment expr="read_bytes > 0 || zero_bytes > 0" value=1 read_bytes=400 zero_bytes=3696
[DEG] r=thrd tid= 3 p4=0x800424a000 k=loop   fn=load_segment expr="has_page_now" value=1 upage=0x3ff000 read_bytes=400 zero_bytes=3696, ofs=0
[DEG] r=thrd tid= 3 p4=0x800424a000 k=call   fn=vm_alloc_pag args={type=1 upage=0x3ff000 writable=0 init=0x800421f083 aux=0x800424b018}
[DEG] r=thrd tid= 3 p4=0x800424a000 k=call   fn=spt_find_pag args={spt=0x80042490f0 va=0x3ff000}
[DEG] r=thrd tid= 3 p4=0x800424a000 k=branch fn=spt_find_pag expr="is_not_found" value=1
[DEG] r=thrd tid= 3 p4=0x800424a000 k=return fn=spt_find_pag value=0
[DEG] r=thrd tid= 3 p4=0x800424a000 k=call   fn=spt_insert_p args={spt=0x80042490f0 page=0x8004248118 va=0x3ff000}
[DEG] r=thrd tid= 3 p4=0x800424a000 k=return fn=spt_insert_p value=1
[DEG] r=thrd tid= 3 p4=0x800424a000 k=return fn=vm_alloc_pag value=true
[DEG] r=thrd tid= 3 p4=0x800424a000 k=loop.e fn=load_segment expr="read_bytes > 0 || zero_bytes > 0" value=0 upage=0x400000 read_bytes=0 zero_bytes=0
[DEG] r=thrd tid= 3 p4=0x800424a000 k=return fn=load_segment value=true
[DEG] r=thrd tid= 3 p4=0x800424a000 k=branch fn=load         expr="is_segment_load_failed" value=0
[DEG] r=thrd tid= 3 p4=0x800424a000 k=seg    fn=load         vals={file_page=4096 mem_page=4194304 read_bytes=20096 zero_bytes=384 writable=0}
[DEG] r=thrd tid= 3 p4=0x800424a000 k=call   fn=load_segment args={file=0x8004243038 ofs=4096 upage=0x400000 read_bytes=20096 zero_bytes=384 writable=0}
[DEG] r=thrd tid= 3 p4=0x800424a000 k=loop.s fn=load_segment expr="read_bytes > 0 || zero_bytes > 0" value=1 read_bytes=20096 zero_bytes=384
[DEG] r=thrd tid= 3 p4=0x800424a000 k=loop   fn=load_segment expr="has_page_now" value=1 upage=0x400000 read_bytes=20096 zero_bytes=384, ofs=4096
[DEG] r=thrd tid= 3 p4=0x800424a000 k=call   fn=vm_alloc_pag args={type=1 upage=0x400000 writable=0 init=0x800421f083 aux=0x800424b038}
[DEG] r=thrd tid= 3 p4=0x800424a000 k=call   fn=spt_find_pag args={spt=0x80042490f0 va=0x400000}
[DEG] r=thrd tid= 3 p4=0x800424a000 k=branch fn=spt_find_pag expr="is_not_found" value=1
[DEG] r=thrd tid= 3 p4=0x800424a000 k=return fn=spt_find_pag value=0
[DEG] r=thrd tid= 3 p4=0x800424a000 k=call   fn=spt_insert_p args={spt=0x80042490f0 page=0x8004248198 va=0x400000}
[DEG] r=thrd tid= 3 p4=0x800424a000 k=return fn=spt_insert_p value=1
[DEG] r=thrd tid= 3 p4=0x800424a000 k=return fn=vm_alloc_pag value=true
[DEG] r=thrd tid= 3 p4=0x800424a000 k=loop   fn=load_segment expr="has_page_now" value=1 upage=0x401000 read_bytes=16000 zero_bytes=384, ofs=8192
[DEG] r=thrd tid= 3 p4=0x800424a000 k=call   fn=vm_alloc_pag args={type=1 upage=0x401000 writable=0 init=0x800421f083 aux=0x800424b058}
[DEG] r=thrd tid= 3 p4=0x800424a000 k=call   fn=spt_find_pag args={spt=0x80042490f0 va=0x401000}
[DEG] r=thrd tid= 3 p4=0x800424a000 k=branch fn=spt_find_pag expr="is_not_found" value=1
[DEG] r=thrd tid= 3 p4=0x800424a000 k=return fn=spt_find_pag value=0
[DEG] r=thrd tid= 3 p4=0x800424a000 k=call   fn=spt_insert_p args={spt=0x80042490f0 page=0x8004248218 va=0x401000}
[DEG] r=thrd tid= 3 p4=0x800424a000 k=return fn=spt_insert_p value=1
[DEG] r=thrd tid= 3 p4=0x800424a000 k=return fn=vm_alloc_pag value=true
[DEG] r=thrd tid= 3 p4=0x800424a000 k=loop   fn=load_segment expr="has_page_now" value=1 upage=0x402000 read_bytes=11904 zero_bytes=384, ofs=12288
[DEG] r=thrd tid= 3 p4=0x800424a000 k=call   fn=vm_alloc_pag args={type=1 upage=0x402000 writable=0 init=0x800421f083 aux=0x800424b078}
[DEG] r=thrd tid= 3 p4=0x800424a000 k=call   fn=spt_find_pag args={spt=0x80042490f0 va=0x402000}
[DEG] r=thrd tid= 3 p4=0x800424a000 k=branch fn=spt_find_pag expr="is_not_found" value=1
[DEG] r=thrd tid= 3 p4=0x800424a000 k=return fn=spt_find_pag value=0
[DEG] r=thrd tid= 3 p4=0x800424a000 k=call   fn=spt_insert_p args={spt=0x80042490f0 page=0x8004248298 va=0x402000}
[DEG] r=thrd tid= 3 p4=0x800424a000 k=return fn=spt_insert_p value=1
[DEG] r=thrd tid= 3 p4=0x800424a000 k=return fn=vm_alloc_pag value=true
[DEG] r=thrd tid= 3 p4=0x800424a000 k=loop   fn=load_segment expr="has_page_now" value=1 upage=0x403000 read_bytes=7808 zero_bytes=384, ofs=16384
[DEG] r=thrd tid= 3 p4=0x800424a000 k=call   fn=vm_alloc_pag args={type=1 upage=0x403000 writable=0 init=0x800421f083 aux=0x800424b098}
[DEG] r=thrd tid= 3 p4=0x800424a000 k=call   fn=spt_find_pag args={spt=0x80042490f0 va=0x403000}
[DEG] r=thrd tid= 3 p4=0x800424a000 k=branch fn=spt_find_pag expr="is_not_found" value=1
[DEG] r=thrd tid= 3 p4=0x800424a000 k=return fn=spt_find_pag value=0
[DEG] r=thrd tid= 3 p4=0x800424a000 k=call   fn=spt_insert_p args={spt=0x80042490f0 page=0x8004248318 va=0x403000}
[DEG] r=thrd tid= 3 p4=0x800424a000 k=return fn=spt_insert_p value=1
[DEG] r=thrd tid= 3 p4=0x800424a000 k=return fn=vm_alloc_pag value=true
[DEG] r=thrd tid= 3 p4=0x800424a000 k=loop   fn=load_segment expr="has_page_now" value=1 upage=0x404000 read_bytes=3712 zero_bytes=384, ofs=20480
[DEG] r=thrd tid= 3 p4=0x800424a000 k=call   fn=vm_alloc_pag args={type=1 upage=0x404000 writable=0 init=0x800421f083 aux=0x800424b0b8}
[DEG] r=thrd tid= 3 p4=0x800424a000 k=call   fn=spt_find_pag args={spt=0x80042490f0 va=0x404000}
[DEG] r=thrd tid= 3 p4=0x800424a000 k=branch fn=spt_find_pag expr="is_not_found" value=1
[DEG] r=thrd tid= 3 p4=0x800424a000 k=return fn=spt_find_pag value=0
[DEG] r=thrd tid= 3 p4=0x800424a000 k=call   fn=spt_insert_p args={spt=0x80042490f0 page=0x8004248398 va=0x404000}
[DEG] r=thrd tid= 3 p4=0x800424a000 k=return fn=spt_insert_p value=1
[DEG] r=thrd tid= 3 p4=0x800424a000 k=return fn=vm_alloc_pag value=true
[DEG] r=thrd tid= 3 p4=0x800424a000 k=loop.e fn=load_segment expr="read_bytes > 0 || zero_bytes > 0" value=0 upage=0x405000 read_bytes=0 zero_bytes=0
[DEG] r=thrd tid= 3 p4=0x800424a000 k=return fn=load_segment value=true
[DEG] r=thrd tid= 3 p4=0x800424a000 k=branch fn=load         expr="is_segment_load_failed" value=0
[DEG] r=thrd tid= 3 p4=0x800424a000 k=seg    fn=load         vals={file_page=0 mem_page=4214784 read_bytes=0 zero_bytes=8192 writable=1}
[DEG] r=thrd tid= 3 p4=0x800424a000 k=call   fn=load_segment args={file=0x8004243038 ofs=0 upage=0x405000 read_bytes=0 zero_bytes=8192 writable=1}
[DEG] r=thrd tid= 3 p4=0x800424a000 k=loop.s fn=load_segment expr="read_bytes > 0 || zero_bytes > 0" value=1 read_bytes=0 zero_bytes=8192
[DEG] r=thrd tid= 3 p4=0x800424a000 k=loop   fn=load_segment expr="has_page_now" value=1 upage=0x405000 read_bytes=0 zero_bytes=8192, ofs=0
[DEG] r=thrd tid= 3 p4=0x800424a000 k=call   fn=vm_alloc_pag args={type=1 upage=0x405000 writable=1 init=0x800421f083 aux=0x800424b0d8}
[DEG] r=thrd tid= 3 p4=0x800424a000 k=call   fn=spt_find_pag args={spt=0x80042490f0 va=0x405000}
[DEG] r=thrd tid= 3 p4=0x800424a000 k=branch fn=spt_find_pag expr="is_not_found" value=1
[DEG] r=thrd tid= 3 p4=0x800424a000 k=return fn=spt_find_pag value=0
[DEG] r=thrd tid= 3 p4=0x800424a000 k=call   fn=spt_insert_p args={spt=0x80042490f0 page=0x8004248418 va=0x405000}
[DEG] r=thrd tid= 3 p4=0x800424a000 k=return fn=spt_insert_p value=1
[DEG] r=thrd tid= 3 p4=0x800424a000 k=return fn=vm_alloc_pag value=true
[DEG] r=thrd tid= 3 p4=0x800424a000 k=loop   fn=load_segment expr="has_page_now" value=1 upage=0x406000 read_bytes=0 zero_bytes=4096, ofs=0
[DEG] r=thrd tid= 3 p4=0x800424a000 k=call   fn=vm_alloc_pag args={type=1 upage=0x406000 writable=1 init=0x800421f083 aux=0x800424b0f8}
[DEG] r=thrd tid= 3 p4=0x800424a000 k=call   fn=spt_find_pag args={spt=0x80042490f0 va=0x406000}
[DEG] r=thrd tid= 3 p4=0x800424a000 k=branch fn=spt_find_pag expr="is_not_found" value=1
[DEG] r=thrd tid= 3 p4=0x800424a000 k=return fn=spt_find_pag value=0
[DEG] r=thrd tid= 3 p4=0x800424a000 k=call   fn=spt_insert_p args={spt=0x80042490f0 page=0x8004248498 va=0x406000}
[DEG] r=thrd tid= 3 p4=0x800424a000 k=return fn=spt_insert_p value=1
[DEG] r=thrd tid= 3 p4=0x800424a000 k=return fn=vm_alloc_pag value=true
[DEG] r=thrd tid= 3 p4=0x800424a000 k=loop.e fn=load_segment expr="read_bytes > 0 || zero_bytes > 0" value=0 upage=0x407000 read_bytes=0 zero_bytes=0
[DEG] r=thrd tid= 3 p4=0x800424a000 k=return fn=load_segment value=true
[DEG] r=thrd tid= 3 p4=0x800424a000 k=branch fn=load         expr="is_segment_load_failed" value=0
[DEG] r=thrd tid= 3 p4=0x800424a000 k=here   fn=load         vals={before setup_stack}
[DEG] r=thrd tid= 3 p4=0x800424a000 k=call   fn=setup_stack  args={if_=0x8004249e58}
[DEG] r=thrd tid= 3 p4=0x800424a000 k=stat   fn=setup_stack  vals={USER_STACK=0x47480000 stack_bottom=0x4747f000}
[DEG] r=thrd tid= 3 p4=0x800424a000 k=call   fn=vm_alloc_pag args={type=9 upage=0x4747f000 writable=1 init=0 aux=0}
[DEG] r=thrd tid= 3 p4=0x800424a000 k=call   fn=spt_find_pag args={spt=0x80042490f0 va=0x4747f000}
[DEG] r=thrd tid= 3 p4=0x800424a000 k=branch fn=spt_find_pag expr="is_not_found" value=1
[DEG] r=thrd tid= 3 p4=0x800424a000 k=return fn=spt_find_pag value=0
[DEG] r=thrd tid= 3 p4=0x800424a000 k=call   fn=spt_insert_p args={spt=0x80042490f0 page=0x8004248518 va=0x4747f000}
[DEG] r=thrd tid= 3 p4=0x800424a000 k=return fn=spt_insert_p value=1
[DEG] r=thrd tid= 3 p4=0x800424a000 k=return fn=vm_alloc_pag value=true
[DEG] r=thrd tid= 3 p4=0x800424a000 k=call   fn=vm_claim_pag args={va=0x4747f000}
[DEG] r=thrd tid= 3 p4=0x800424a000 k=call   fn=spt_find_pag args={spt=0x80042490f0 va=0x4747f000}
[DEG] r=thrd tid= 3 p4=0x800424a000 k=branch fn=spt_find_pag expr="is_not_found" value=0
[DEG] r=thrd tid= 3 p4=0x800424a000 k=return fn=spt_find_pag value=0x8004248518
[DEG] r=thrd tid= 3 p4=0x800424a000 k=call   fn=vm_do_claim_ args={page=0x8004248518 va=0x4747f000}
[DEG] r=thrd tid= 3 p4=0x800424a000 k=call   fn=vm_get_frame args={void}
[DEG] r=thrd tid= 3 p4=0x800424a000 k=return fn=vm_get_frame value=0x800424b118
[DEG] r=thrd tid= 3 p4=0x800424a000 k=return fn=vm_do_claim_ value=0 result=1 page=0x8004248518 frame=0x800424b118 kva=0x8004a21000
[DEG] r=thrd tid= 3 p4=0x800424a000 k=return fn=vm_claim_pag value=1 page=0x8004248518
[DEG] r=thrd tid= 3 p4=0x800424a000 k=here   fn=setup_stack  vals={before label - done}
[DEG] r=thrd tid= 3 p4=0x800424a000 k=return fn=setup_stack  value=1
[DEG] r=thrd tid= 3 p4=0x800424a000 k=here   fn=load         vals={before label done}
[DEG] r=thrd tid= 3 p4=0x800424a000 k=return fn=load         value=1
[DEG] r=thrd tid= 3 p4=0x800424a000 k=branch fn=process_exec expr="is_load_failed" value=0
[DEG] r=thrd tid= 3 p4=0x800424a000 k=call   fn=vm_try_handl args={f=0x8004249f40 addr=0x400bda user=1 write=0 not_present=1}
[DEG] r=thrd tid= 3 p4=0x800424a000 k=call   fn=spt_find_pag args={spt=0x80042490f0 va=0x400000}
[DEG] r=thrd tid= 3 p4=0x800424a000 k=branch fn=spt_find_pag expr="is_not_found" value=0
[DEG] r=thrd tid= 3 p4=0x800424a000 k=return fn=spt_find_pag value=0x8004248198
[DEG] r=thrd tid= 3 p4=0x800424a000 k=branch fn=vm_try_handl expr="is_not_found" value=0
[DEG] r=thrd tid= 3 p4=0x800424a000 k=call   fn=vm_do_claim_ args={page=0x8004248198 va=0x400000}
[DEG] r=thrd tid= 3 p4=0x800424a000 k=call   fn=vm_get_frame args={void}
[DEG] r=thrd tid= 3 p4=0x800424a000 k=return fn=vm_get_frame value=0x800424b138
[DEG] r=thrd tid= 3 p4=0x800424a000 k=call   fn=lazy_load_se args={page=0x8004248198 aux=0x800424b038 va=0x400000}
[DEG] r=thrd tid= 3 p4=0x800424a000 k=call   fn=vm_claim_pag args={va=0x400000}
[DEG] r=thrd tid= 3 p4=0x800424a000 k=call   fn=spt_find_pag args={spt=0x80042490f0 va=0x400000}
[DEG] r=thrd tid= 3 p4=0x800424a000 k=branch fn=spt_find_pag expr="is_not_found" value=0
[DEG] r=thrd tid= 3 p4=0x800424a000 k=return fn=spt_find_pag value=0x8004248198
[DEG] r=thrd tid= 3 p4=0x800424a000 k=call   fn=vm_do_claim_ args={page=0x8004248198 va=0x400000}
[DEG] r=thrd tid= 3 p4=0x800424a000 k=call   fn=vm_get_frame args={void}
[DEG] r=thrd tid= 3 p4=0x800424a000 k=return fn=vm_get_frame value=0x800424b158
[DEG] r=thrd tid= 3 p4=0x800424a000 k=return fn=vm_do_claim_ value=0 result=200 page=0x8004248198 frame=0x800424b158 kva=0x8004a23000
[DEG] r=thrd tid= 3 p4=0x800424a000 k=return fn=vm_claim_pag value=1 page=0x8004248198
[DEG] r=thrd tid= 3 p4=0x800424a000 k=return fn=lazy_load_se value=true
[DEG] r=thrd tid= 3 p4=0x800424a000 k=return fn=vm_do_claim_ value=0 result=1 page=0x8004248198 frame=0x800424b138 kva=0x8004a22000
[DEG] r=thrd tid= 3 p4=0x800424a000 k=return fn=vm_try_handl value=1
[DEG] r=thrd tid= 3 p4=0x800424a000 k=call   fn=vm_try_handl args={f=0x8004249f40 addr=0x405e80 user=1 write=1 not_present=1}
[DEG] r=thrd tid= 3 p4=0x800424a000 k=call   fn=spt_find_pag args={spt=0x80042490f0 va=0x405000}
[DEG] r=thrd tid= 3 p4=0x800424a000 k=branch fn=spt_find_pag expr="is_not_found" value=0
[DEG] r=thrd tid= 3 p4=0x800424a000 k=return fn=spt_find_pag value=0x8004248418
[DEG] r=thrd tid= 3 p4=0x800424a000 k=branch fn=vm_try_handl expr="is_not_found" value=0
[DEG] r=thrd tid= 3 p4=0x800424a000 k=call   fn=vm_do_claim_ args={page=0x8004248418 va=0x405000}
[DEG] r=thrd tid= 3 p4=0x800424a000 k=call   fn=vm_get_frame args={void}
[DEG] r=thrd tid= 3 p4=0x800424a000 k=return fn=vm_get_frame value=0x800424b038
[DEG] r=thrd tid= 3 p4=0x800424a000 k=call   fn=lazy_load_se args={page=0x8004248418 aux=0x800424b0d8 va=0x405000}
[DEG] r=thrd tid= 3 p4=0x800424a000 k=call   fn=vm_claim_pag args={va=0x405000}
[DEG] r=thrd tid= 3 p4=0x800424a000 k=call   fn=spt_find_pag args={spt=0x80042490f0 va=0x405000}
[DEG] r=thrd tid= 3 p4=0x800424a000 k=branch fn=spt_find_pag expr="is_not_found" value=0
[DEG] r=thrd tid= 3 p4=0x800424a000 k=return fn=spt_find_pag value=0x8004248418
[DEG] r=thrd tid= 3 p4=0x800424a000 k=call   fn=vm_do_claim_ args={page=0x8004248418 va=0x405000}
[DEG] r=thrd tid= 3 p4=0x800424a000 k=call   fn=vm_get_frame args={void}
[DEG] r=thrd tid= 3 p4=0x800424a000 k=return fn=vm_get_frame value=0x800424b178
[DEG] r=thrd tid= 3 p4=0x800424a000 k=return fn=vm_do_claim_ value=0 result=72 page=0x8004248418 frame=0x800424b178 kva=0x8004a25000
[DEG] r=thrd tid= 3 p4=0x800424a000 k=return fn=vm_claim_pag value=1 page=0x8004248418
[DEG] r=thrd tid= 3 p4=0x800424a000 k=return fn=lazy_load_se value=true
[DEG] r=thrd tid= 3 p4=0x800424a000 k=return fn=vm_do_claim_ value=0 result=1 page=0x8004248418 frame=0x800424b038 kva=0x8004a24000
[DEG] r=thrd tid= 3 p4=0x800424a000 k=return fn=vm_try_handl value=1
[DEG] r=thrd tid= 3 p4=0x800424a000 k=call   fn=vm_try_handl args={f=0x8004249f40 addr=0x401000 user=1 write=0 not_present=1}
[DEG] r=thrd tid= 3 p4=0x800424a000 k=call   fn=spt_find_pag args={spt=0x80042490f0 va=0x401000}
[DEG] r=thrd tid= 3 p4=0x800424a000 k=branch fn=spt_find_pag expr="is_not_found" value=0
[DEG] r=thrd tid= 3 p4=0x800424a000 k=return fn=spt_find_pag value=0x8004248218
[DEG] r=thrd tid= 3 p4=0x800424a000 k=branch fn=vm_try_handl expr="is_not_found" value=0
[DEG] r=thrd tid= 3 p4=0x800424a000 k=call   fn=vm_do_claim_ args={page=0x8004248218 va=0x401000}
[DEG] r=thrd tid= 3 p4=0x800424a000 k=call   fn=vm_get_frame args={void}
[DEG] r=thrd tid= 3 p4=0x800424a000 k=return fn=vm_get_frame value=0x800424b0d8
[DEG] r=thrd tid= 3 p4=0x800424a000 k=call   fn=lazy_load_se args={page=0x8004248218 aux=0x800424b058 va=0x401000}
[DEG] r=thrd tid= 3 p4=0x800424a000 k=call   fn=vm_claim_pag args={va=0x401000}
[DEG] r=thrd tid= 3 p4=0x800424a000 k=call   fn=spt_find_pag args={spt=0x80042490f0 va=0x401000}
[DEG] r=thrd tid= 3 p4=0x800424a000 k=branch fn=spt_find_pag expr="is_not_found" value=0
[DEG] r=thrd tid= 3 p4=0x800424a000 k=return fn=spt_find_pag value=0x8004248218
[DEG] r=thrd tid= 3 p4=0x800424a000 k=call   fn=vm_do_claim_ args={page=0x8004248218 va=0x401000}
[DEG] r=thrd tid= 3 p4=0x800424a000 k=call   fn=vm_get_frame args={void}
[DEG] r=thrd tid= 3 p4=0x800424a000 k=return fn=vm_get_frame value=0x800424b198
[DEG] r=thrd tid= 3 p4=0x800424a000 k=return fn=vm_do_claim_ value=0 result=72 page=0x8004248218 frame=0x800424b198 kva=0x8004a27000
[DEG] r=thrd tid= 3 p4=0x800424a000 k=return fn=vm_claim_pag value=1 page=0x8004248218
[DEG] r=thrd tid= 3 p4=0x800424a000 k=return fn=lazy_load_se value=true
[DEG] r=thrd tid= 3 p4=0x800424a000 k=return fn=vm_do_claim_ value=0 result=1 page=0x8004248218 frame=0x800424b0d8 kva=0x8004a26000
[DEG] r=thrd tid= 3 p4=0x800424a000 k=return fn=vm_try_handl value=1
[DEG] r=thrd tid= 3 p4=0x800424a000 k=call   fn=vm_try_handl args={f=0x8004249f40 addr=0x404550 user=1 write=0 not_present=1}
[DEG] r=thrd tid= 3 p4=0x800424a000 k=call   fn=spt_find_pag args={spt=0x80042490f0 va=0x404000}
[DEG] r=thrd tid= 3 p4=0x800424a000 k=branch fn=spt_find_pag expr="is_not_found" value=0
[DEG] r=thrd tid= 3 p4=0x800424a000 k=return fn=spt_find_pag value=0x8004248398
[DEG] r=thrd tid= 3 p4=0x800424a000 k=branch fn=vm_try_handl expr="is_not_found" value=0
[DEG] r=thrd tid= 3 p4=0x800424a000 k=call   fn=vm_do_claim_ args={page=0x8004248398 va=0x404000}
[DEG] r=thrd tid= 3 p4=0x800424a000 k=call   fn=vm_get_frame args={void}
[DEG] r=thrd tid= 3 p4=0x800424a000 k=return fn=vm_get_frame value=0x800424b058
[DEG] r=thrd tid= 3 p4=0x800424a000 k=call   fn=lazy_load_se args={page=0x8004248398 aux=0x800424b0b8 va=0x404000}
[DEG] r=thrd tid= 3 p4=0x800424a000 k=call   fn=vm_claim_pag args={va=0x404000}
[DEG] r=thrd tid= 3 p4=0x800424a000 k=call   fn=spt_find_pag args={spt=0x80042490f0 va=0x404000}
[DEG] r=thrd tid= 3 p4=0x800424a000 k=branch fn=spt_find_pag expr="is_not_found" value=0
[DEG] r=thrd tid= 3 p4=0x800424a000 k=return fn=spt_find_pag value=0x8004248398
[DEG] r=thrd tid= 3 p4=0x800424a000 k=call   fn=vm_do_claim_ args={page=0x8004248398 va=0x404000}
[DEG] r=thrd tid= 3 p4=0x800424a000 k=call   fn=vm_get_frame args={void}
[DEG] r=thrd tid= 3 p4=0x800424a000 k=return fn=vm_get_frame value=0x800424b1b8
[DEG] r=thrd tid= 3 p4=0x800424a000 k=return fn=vm_do_claim_ value=0 result=200 page=0x8004248398 frame=0x800424b1b8 kva=0x8004a29000
[DEG] r=thrd tid= 3 p4=0x800424a000 k=return fn=vm_claim_pag value=1 page=0x8004248398
[DEG] r=thrd tid= 3 p4=0x800424a000 k=return fn=lazy_load_se value=true
[DEG] r=thrd tid= 3 p4=0x800424a000 k=return fn=vm_do_claim_ value=0 result=1 page=0x8004248398 frame=0x800424b058 kva=0x8004a28000
[DEG] r=thrd tid= 3 p4=0x800424a000 k=return fn=vm_try_handl value=1
[DEG] r=thrd tid= 3 p4=0x800424a000 k=call   fn=vm_try_handl args={f=0x8004249f40 addr=0x402f05 user=1 write=0 not_present=1}
[DEG] r=thrd tid= 3 p4=0x800424a000 k=call   fn=spt_find_pag args={spt=0x80042490f0 va=0x402000}
[DEG] r=thrd tid= 3 p4=0x800424a000 k=branch fn=spt_find_pag expr="is_not_found" value=0
[DEG] r=thrd tid= 3 p4=0x800424a000 k=return fn=spt_find_pag value=0x8004248298
[DEG] r=thrd tid= 3 p4=0x800424a000 k=branch fn=vm_try_handl expr="is_not_found" value=0
[DEG] r=thrd tid= 3 p4=0x800424a000 k=call   fn=vm_do_claim_ args={page=0x8004248298 va=0x402000}
[DEG] r=thrd tid= 3 p4=0x800424a000 k=call   fn=vm_get_frame args={void}
[DEG] r=thrd tid= 3 p4=0x800424a000 k=return fn=vm_get_frame value=0x800424b0b8
[DEG] r=thrd tid= 3 p4=0x800424a000 k=call   fn=lazy_load_se args={page=0x8004248298 aux=0x800424b078 va=0x402000}
[DEG] r=thrd tid= 3 p4=0x800424a000 k=call   fn=vm_claim_pag args={va=0x402000}
[DEG] r=thrd tid= 3 p4=0x800424a000 k=call   fn=spt_find_pag args={spt=0x80042490f0 va=0x402000}
[DEG] r=thrd tid= 3 p4=0x800424a000 k=branch fn=spt_find_pag expr="is_not_found" value=0
[DEG] r=thrd tid= 3 p4=0x800424a000 k=return fn=spt_find_pag value=0x8004248298
[DEG] r=thrd tid= 3 p4=0x800424a000 k=call   fn=vm_do_claim_ args={page=0x8004248298 va=0x402000}
[DEG] r=thrd tid= 3 p4=0x800424a000 k=call   fn=vm_get_frame args={void}
[DEG] r=thrd tid= 3 p4=0x800424a000 k=return fn=vm_get_frame value=0x800424b1d8
[DEG] r=thrd tid= 3 p4=0x800424a000 k=return fn=vm_do_claim_ value=0 result=200 page=0x8004248298 frame=0x800424b1d8 kva=0x8004a2b000
[DEG] r=thrd tid= 3 p4=0x800424a000 k=return fn=vm_claim_pag value=1 page=0x8004248298
[DEG] r=thrd tid= 3 p4=0x800424a000 k=return fn=lazy_load_se value=true
[DEG] r=thrd tid= 3 p4=0x800424a000 k=return fn=vm_do_claim_ value=0 result=1 page=0x8004248298 frame=0x800424b0b8 kva=0x8004a2a000
[DEG] r=thrd tid= 3 p4=0x800424a000 k=return fn=vm_try_handl value=1
[DEG] r=thrd tid= 3 p4=0x800424a000 k=call   fn=vm_try_handl args={f=0x8004249f40 addr=0x403001 user=1 write=0 not_present=1}
[DEG] r=thrd tid= 3 p4=0x800424a000 k=call   fn=spt_find_pag args={spt=0x80042490f0 va=0x403000}
[DEG] r=thrd tid= 3 p4=0x800424a000 k=branch fn=spt_find_pag expr="is_not_found" value=0
[DEG] r=thrd tid= 3 p4=0x800424a000 k=return fn=spt_find_pag value=0x8004248318
[DEG] r=thrd tid= 3 p4=0x800424a000 k=branch fn=vm_try_handl expr="is_not_found" value=0
[DEG] r=thrd tid= 3 p4=0x800424a000 k=call   fn=vm_do_claim_ args={page=0x8004248318 va=0x403000}
[DEG] r=thrd tid= 3 p4=0x800424a000 k=call   fn=vm_get_frame args={void}
[DEG] r=thrd tid= 3 p4=0x800424a000 k=return fn=vm_get_frame value=0x800424b078
[DEG] r=thrd tid= 3 p4=0x800424a000 k=call   fn=lazy_load_se args={page=0x8004248318 aux=0x800424b098 va=0x403000}
[DEG] r=thrd tid= 3 p4=0x800424a000 k=call   fn=vm_claim_pag args={va=0x403000}
[DEG] r=thrd tid= 3 p4=0x800424a000 k=call   fn=spt_find_pag args={spt=0x80042490f0 va=0x403000}
[DEG] r=thrd tid= 3 p4=0x800424a000 k=branch fn=spt_find_pag expr="is_not_found" value=0
[DEG] r=thrd tid= 3 p4=0x800424a000 k=return fn=spt_find_pag value=0x8004248318
[DEG] r=thrd tid= 3 p4=0x800424a000 k=call   fn=vm_do_claim_ args={page=0x8004248318 va=0x403000}
[DEG] r=thrd tid= 3 p4=0x800424a000 k=call   fn=vm_get_frame args={void}
[DEG] r=thrd tid= 3 p4=0x800424a000 k=return fn=vm_get_frame value=0x800424b1f8
[DEG] r=thrd tid= 3 p4=0x800424a000 k=return fn=vm_do_claim_ value=0 result=72 page=0x8004248318 frame=0x800424b1f8 kva=0x8004a2d000
[DEG] r=thrd tid= 3 p4=0x800424a000 k=return fn=vm_claim_pag value=1 page=0x8004248318
[DEG] r=thrd tid= 3 p4=0x800424a000 k=return fn=lazy_load_se value=true
[DEG] r=thrd tid= 3 p4=0x800424a000 k=return fn=vm_do_claim_ value=0 result=1 page=0x8004248318 frame=0x800424b078 kva=0x8004a2c000
[DEG] r=thrd tid= 3 p4=0x800424a000 k=return fn=vm_try_handl value=1
(fork-once) begin
[DEG] r=thrd tid= 3 p4=0x800424a000 k=call   fn=vm_try_handl args={f=0x8004249f40 addr=0x4062a0 user=1 write=1 not_present=1}
[DEG] r=thrd tid= 3 p4=0x800424a000 k=call   fn=spt_find_pag args={spt=0x80042490f0 va=0x406000}
[DEG] r=thrd tid= 3 p4=0x800424a000 k=branch fn=spt_find_pag expr="is_not_found" value=0
[DEG] r=thrd tid= 3 p4=0x800424a000 k=return fn=spt_find_pag value=0x8004248498
[DEG] r=thrd tid= 3 p4=0x800424a000 k=branch fn=vm_try_handl expr="is_not_found" value=0
[DEG] r=thrd tid= 3 p4=0x800424a000 k=call   fn=vm_do_claim_ args={page=0x8004248498 va=0x406000}
[DEG] r=thrd tid= 3 p4=0x800424a000 k=call   fn=vm_get_frame args={void}
[DEG] r=thrd tid= 3 p4=0x800424a000 k=return fn=vm_get_frame value=0x800424b098
[DEG] r=thrd tid= 3 p4=0x800424a000 k=call   fn=lazy_load_se args={page=0x8004248498 aux=0x800424b0f8 va=0x406000}
[DEG] r=thrd tid= 3 p4=0x800424a000 k=call   fn=vm_claim_pag args={va=0x406000}
[DEG] r=thrd tid= 3 p4=0x800424a000 k=call   fn=spt_find_pag args={spt=0x80042490f0 va=0x406000}
[DEG] r=thrd tid= 3 p4=0x800424a000 k=branch fn=spt_find_pag expr="is_not_found" value=0
[DEG] r=thrd tid= 3 p4=0x800424a000 k=return fn=spt_find_pag value=0x8004248498
[DEG] r=thrd tid= 3 p4=0x800424a000 k=call   fn=vm_do_claim_ args={page=0x8004248498 va=0x406000}
[DEG] r=thrd tid= 3 p4=0x800424a000 k=call   fn=vm_get_frame args={void}
[DEG] r=thrd tid= 3 p4=0x800424a000 k=return fn=vm_get_frame value=0x800424b218
[DEG] r=thrd tid= 3 p4=0x800424a000 k=return fn=vm_do_claim_ value=0 result=200 page=0x8004248498 frame=0x800424b218 kva=0x8004a2f000
[DEG] r=thrd tid= 3 p4=0x800424a000 k=return fn=vm_claim_pag value=1 page=0x8004248498
[DEG] r=thrd tid= 3 p4=0x800424a000 k=return fn=lazy_load_se value=true
[DEG] r=thrd tid= 3 p4=0x800424a000 k=return fn=vm_do_claim_ value=0 result=1 page=0x8004248498 frame=0x800424b098 kva=0x8004a2e000
[DEG] r=thrd tid= 3 p4=0x800424a000 k=return fn=vm_try_handl value=1
[DEG] r=thrd tid= 4 p4=0x800424f000 k=call   fn=supplemental args={init spt=0x80042510f0}
[DEG] r=thrd tid= 4 p4=0x800424f000 k=return fn=supplemental void
[DEG] r=thrd tid= 4 p4=0x800424f000 k=call   fn=supplemental args={copy dst=0x80042510f0 src=0x80042490f0}
[DEG] r=thrd tid= 4 p4=0x800424f000 k=call   fn=vm_alloc_pag args={type=1 upage=0x3ff000 writable=0 init=0x800421f083 aux=0x800424b018}
[DEG] r=thrd tid= 4 p4=0x800424f000 k=call   fn=spt_find_pag args={spt=0x80042510f0 va=0x3ff000}
[DEG] r=thrd tid= 4 p4=0x800424f000 k=branch fn=spt_find_pag expr="is_not_found" value=1
[DEG] r=thrd tid= 4 p4=0x800424f000 k=return fn=spt_find_pag value=0
[DEG] r=thrd tid= 4 p4=0x800424f000 k=call   fn=spt_insert_p args={spt=0x80042510f0 page=0x8004248698 va=0x3ff000}
[DEG] r=thrd tid= 4 p4=0x800424f000 k=return fn=spt_insert_p value=1
[DEG] r=thrd tid= 4 p4=0x800424f000 k=return fn=vm_alloc_pag value=true
[DEG] r=thrd tid= 4 p4=0x800424f000 k=call   fn=vm_alloc_pag args={type=1 upage=0x406000 writable=1 init=0 aux=0}
[DEG] r=thrd tid= 4 p4=0x800424f000 k=call   fn=spt_find_pag args={spt=0x80042510f0 va=0x406000}
[DEG] r=thrd tid= 4 p4=0x800424f000 k=branch fn=spt_find_pag expr="is_not_found" value=1
[DEG] r=thrd tid= 4 p4=0x800424f000 k=return fn=spt_find_pag value=0
[DEG] r=thrd tid= 4 p4=0x800424f000 k=call   fn=spt_insert_p args={spt=0x80042510f0 page=0x8004248718 va=0x406000}
[DEG] r=thrd tid= 4 p4=0x800424f000 k=return fn=spt_insert_p value=1
[DEG] r=thrd tid= 4 p4=0x800424f000 k=return fn=vm_alloc_pag value=true
[DEG] r=thrd tid= 4 p4=0x800424f000 k=call   fn=vm_claim_pag args={va=0x406000}
[DEG] r=thrd tid= 4 p4=0x800424f000 k=call   fn=spt_find_pag args={spt=0x80042510f0 va=0x406000}
[DEG] r=thrd tid= 4 p4=0x800424f000 k=branch fn=spt_find_pag expr="is_not_found" value=0
[DEG] r=thrd tid= 4 p4=0x800424f000 k=return fn=spt_find_pag value=0x8004248718
[DEG] r=thrd tid= 4 p4=0x800424f000 k=call   fn=vm_do_claim_ args={page=0x8004248718 va=0x406000}
[DEG] r=thrd tid= 4 p4=0x800424f000 k=call   fn=vm_get_frame args={void}
[DEG] r=thrd tid= 4 p4=0x800424f000 k=return fn=vm_get_frame value=0x800424b0f8
[DEG] r=thrd tid= 4 p4=0x800424f000 k=return fn=vm_do_claim_ value=0 result=1 page=0x8004248718 frame=0x800424b0f8 kva=0x8004a30000
[DEG] r=thrd tid= 4 p4=0x800424f000 k=return fn=vm_claim_pag value=1 page=0x8004248718
[DEG] r=thrd tid= 4 p4=0x800424f000 k=call   fn=spt_find_pag args={spt=0x80042510f0 va=0x406000}
[DEG] r=thrd tid= 4 p4=0x800424f000 k=branch fn=spt_find_pag expr="is_not_found" value=0
[DEG] r=thrd tid= 4 p4=0x800424f000 k=return fn=spt_find_pag value=0x8004248718
[DEG] r=thrd tid= 4 p4=0x800424f000 k=call   fn=vm_alloc_pag args={type=1 upage=0x405000 writable=1 init=0 aux=0}
[DEG] r=thrd tid= 4 p4=0x800424f000 k=call   fn=spt_find_pag args={spt=0x80042510f0 va=0x405000}
[DEG] r=thrd tid= 4 p4=0x800424f000 k=branch fn=spt_find_pag expr="is_not_found" value=1
[DEG] r=thrd tid= 4 p4=0x800424f000 k=return fn=spt_find_pag value=0
[DEG] r=thrd tid= 4 p4=0x800424f000 k=call   fn=spt_insert_p args={spt=0x80042510f0 page=0x8004248798 va=0x405000}
[DEG] r=thrd tid= 4 p4=0x800424f000 k=return fn=spt_insert_p value=1
[DEG] r=thrd tid= 4 p4=0x800424f000 k=return fn=vm_alloc_pag value=true
[DEG] r=thrd tid= 4 p4=0x800424f000 k=call   fn=vm_claim_pag args={va=0x405000}
[DEG] r=thrd tid= 4 p4=0x800424f000 k=call   fn=spt_find_pag args={spt=0x80042510f0 va=0x405000}
[DEG] r=thrd tid= 4 p4=0x800424f000 k=branch fn=spt_find_pag expr="is_not_found" value=0
[DEG] r=thrd tid= 4 p4=0x800424f000 k=return fn=spt_find_pag value=0x8004248798
[DEG] r=thrd tid= 4 p4=0x800424f000 k=call   fn=vm_do_claim_ args={page=0x8004248798 va=0x405000}
[DEG] r=thrd tid= 4 p4=0x800424f000 k=call   fn=vm_get_frame args={void}
[DEG] r=thrd tid= 4 p4=0x800424f000 k=return fn=vm_get_frame value=0x800424b238
[DEG] r=thrd tid= 4 p4=0x800424f000 k=return fn=vm_do_claim_ value=0 result=1 page=0x8004248798 frame=0x800424b238 kva=0x8004a31000
[DEG] r=thrd tid= 4 p4=0x800424f000 k=return fn=vm_claim_pag value=1 page=0x8004248798
[DEG] r=thrd tid= 4 p4=0x800424f000 k=call   fn=spt_find_pag args={spt=0x80042510f0 va=0x405000}
[DEG] r=thrd tid= 4 p4=0x800424f000 k=branch fn=spt_find_pag expr="is_not_found" value=0
[DEG] r=thrd tid= 4 p4=0x800424f000 k=return fn=spt_find_pag value=0x8004248798
[DEG] r=thrd tid= 4 p4=0x800424f000 k=call   fn=vm_alloc_pag args={type=1 upage=0x404000 writable=0 init=0 aux=0}
[DEG] r=thrd tid= 4 p4=0x800424f000 k=call   fn=spt_find_pag args={spt=0x80042510f0 va=0x404000}
[DEG] r=thrd tid= 4 p4=0x800424f000 k=branch fn=spt_find_pag expr="is_not_found" value=1
[DEG] r=thrd tid= 4 p4=0x800424f000 k=return fn=spt_find_pag value=0
[DEG] r=thrd tid= 4 p4=0x800424f000 k=call   fn=spt_insert_p args={spt=0x80042510f0 page=0x8004248818 va=0x404000}
[DEG] r=thrd tid= 4 p4=0x800424f000 k=return fn=spt_insert_p value=1
[DEG] r=thrd tid= 4 p4=0x800424f000 k=return fn=vm_alloc_pag value=true
[DEG] r=thrd tid= 4 p4=0x800424f000 k=call   fn=vm_claim_pag args={va=0x404000}
[DEG] r=thrd tid= 4 p4=0x800424f000 k=call   fn=spt_find_pag args={spt=0x80042510f0 va=0x404000}
[DEG] r=thrd tid= 4 p4=0x800424f000 k=branch fn=spt_find_pag expr="is_not_found" value=0
[DEG] r=thrd tid= 4 p4=0x800424f000 k=return fn=spt_find_pag value=0x8004248818
[DEG] r=thrd tid= 4 p4=0x800424f000 k=call   fn=vm_do_claim_ args={page=0x8004248818 va=0x404000}
[DEG] r=thrd tid= 4 p4=0x800424f000 k=call   fn=vm_get_frame args={void}
[DEG] r=thrd tid= 4 p4=0x800424f000 k=return fn=vm_get_frame value=0x800424b258
[DEG] r=thrd tid= 4 p4=0x800424f000 k=return fn=vm_do_claim_ value=0 result=1 page=0x8004248818 frame=0x800424b258 kva=0x8004a32000
[DEG] r=thrd tid= 4 p4=0x800424f000 k=return fn=vm_claim_pag value=1 page=0x8004248818
[DEG] r=thrd tid= 4 p4=0x800424f000 k=call   fn=spt_find_pag args={spt=0x80042510f0 va=0x404000}
[DEG] r=thrd tid= 4 p4=0x800424f000 k=branch fn=spt_find_pag expr="is_not_found" value=0
[DEG] r=thrd tid= 4 p4=0x800424f000 k=return fn=spt_find_pag value=0x8004248818
[DEG] r=thrd tid= 4 p4=0x800424f000 k=call   fn=vm_alloc_pag args={type=1 upage=0x403000 writable=0 init=0 aux=0}
[DEG] r=thrd tid= 4 p4=0x800424f000 k=call   fn=spt_find_pag args={spt=0x80042510f0 va=0x403000}
[DEG] r=thrd tid= 4 p4=0x800424f000 k=branch fn=spt_find_pag expr="is_not_found" value=1
[DEG] r=thrd tid= 4 p4=0x800424f000 k=return fn=spt_find_pag value=0
[DEG] r=thrd tid= 4 p4=0x800424f000 k=call   fn=spt_insert_p args={spt=0x80042510f0 page=0x8004248898 va=0x403000}
[DEG] r=thrd tid= 4 p4=0x800424f000 k=return fn=spt_insert_p value=1
[DEG] r=thrd tid= 4 p4=0x800424f000 k=return fn=vm_alloc_pag value=true
[DEG] r=thrd tid= 4 p4=0x800424f000 k=call   fn=vm_claim_pag args={va=0x403000}
[DEG] r=thrd tid= 4 p4=0x800424f000 k=call   fn=spt_find_pag args={spt=0x80042510f0 va=0x403000}
[DEG] r=thrd tid= 4 p4=0x800424f000 k=branch fn=spt_find_pag expr="is_not_found" value=0
[DEG] r=thrd tid= 4 p4=0x800424f000 k=return fn=spt_find_pag value=0x8004248898
[DEG] r=thrd tid= 4 p4=0x800424f000 k=call   fn=vm_do_claim_ args={page=0x8004248898 va=0x403000}
[DEG] r=thrd tid= 4 p4=0x800424f000 k=call   fn=vm_get_frame args={void}
[DEG] r=thrd tid= 4 p4=0x800424f000 k=return fn=vm_get_frame value=0x800424b278
[DEG] r=thrd tid= 4 p4=0x800424f000 k=return fn=vm_do_claim_ value=0 result=1 page=0x8004248898 frame=0x800424b278 kva=0x8004a33000
[DEG] r=thrd tid= 4 p4=0x800424f000 k=return fn=vm_claim_pag value=1 page=0x8004248898
[DEG] r=thrd tid= 4 p4=0x800424f000 k=call   fn=spt_find_pag args={spt=0x80042510f0 va=0x403000}
[DEG] r=thrd tid= 4 p4=0x800424f000 k=branch fn=spt_find_pag expr="is_not_found" value=0
[DEG] r=thrd tid= 4 p4=0x800424f000 k=return fn=spt_find_pag value=0x8004248898
[DEG] r=thrd tid= 4 p4=0x800424f000 k=call   fn=vm_alloc_pag args={type=1 upage=0x402000 writable=0 init=0 aux=0}
[DEG] r=thrd tid= 4 p4=0x800424f000 k=call   fn=spt_find_pag args={spt=0x80042510f0 va=0x402000}
[DEG] r=thrd tid= 4 p4=0x800424f000 k=branch fn=spt_find_pag expr="is_not_found" value=1
[DEG] r=thrd tid= 4 p4=0x800424f000 k=return fn=spt_find_pag value=0
[DEG] r=thrd tid= 4 p4=0x800424f000 k=call   fn=spt_insert_p args={spt=0x80042510f0 page=0x8004248918 va=0x402000}
[DEG] r=thrd tid= 4 p4=0x800424f000 k=return fn=spt_insert_p value=1
[DEG] r=thrd tid= 4 p4=0x800424f000 k=return fn=vm_alloc_pag value=true
[DEG] r=thrd tid= 4 p4=0x800424f000 k=call   fn=vm_claim_pag args={va=0x402000}
[DEG] r=thrd tid= 4 p4=0x800424f000 k=call   fn=spt_find_pag args={spt=0x80042510f0 va=0x402000}
[DEG] r=thrd tid= 4 p4=0x800424f000 k=branch fn=spt_find_pag expr="is_not_found" value=0
[DEG] r=thrd tid= 4 p4=0x800424f000 k=return fn=spt_find_pag value=0x8004248918
[DEG] r=thrd tid= 4 p4=0x800424f000 k=call   fn=vm_do_claim_ args={page=0x8004248918 va=0x402000}
[DEG] r=thrd tid= 4 p4=0x800424f000 k=call   fn=vm_get_frame args={void}
[DEG] r=thrd tid= 4 p4=0x800424f000 k=return fn=vm_get_frame value=0x800424b298
[DEG] r=thrd tid= 4 p4=0x800424f000 k=return fn=vm_do_claim_ value=0 result=1 page=0x8004248918 frame=0x800424b298 kva=0x8004a34000
[DEG] r=thrd tid= 4 p4=0x800424f000 k=return fn=vm_claim_pag value=1 page=0x8004248918
[DEG] r=thrd tid= 4 p4=0x800424f000 k=call   fn=spt_find_pag args={spt=0x80042510f0 va=0x402000}
[DEG] r=thrd tid= 4 p4=0x800424f000 k=branch fn=spt_find_pag expr="is_not_found" value=0
[DEG] r=thrd tid= 4 p4=0x800424f000 k=return fn=spt_find_pag value=0x8004248918
[DEG] r=thrd tid= 4 p4=0x800424f000 k=call   fn=vm_alloc_pag args={type=1 upage=0x401000 writable=0 init=0 aux=0}
[DEG] r=thrd tid= 4 p4=0x800424f000 k=call   fn=spt_find_pag args={spt=0x80042510f0 va=0x401000}
[DEG] r=thrd tid= 4 p4=0x800424f000 k=branch fn=spt_find_pag expr="is_not_found" value=1
[DEG] r=thrd tid= 4 p4=0x800424f000 k=return fn=spt_find_pag value=0
[DEG] r=thrd tid= 4 p4=0x800424f000 k=call   fn=spt_insert_p args={spt=0x80042510f0 page=0x8004248998 va=0x401000}
[DEG] r=thrd tid= 4 p4=0x800424f000 k=return fn=spt_insert_p value=1
[DEG] r=thrd tid= 4 p4=0x800424f000 k=return fn=vm_alloc_pag value=true
[DEG] r=thrd tid= 4 p4=0x800424f000 k=call   fn=vm_claim_pag args={va=0x401000}
[DEG] r=thrd tid= 4 p4=0x800424f000 k=call   fn=spt_find_pag args={spt=0x80042510f0 va=0x401000}
[DEG] r=thrd tid= 4 p4=0x800424f000 k=branch fn=spt_find_pag expr="is_not_found" value=0
[DEG] r=thrd tid= 4 p4=0x800424f000 k=return fn=spt_find_pag value=0x8004248998
[DEG] r=thrd tid= 4 p4=0x800424f000 k=call   fn=vm_do_claim_ args={page=0x8004248998 va=0x401000}
[DEG] r=thrd tid= 4 p4=0x800424f000 k=call   fn=vm_get_frame args={void}
[DEG] r=thrd tid= 4 p4=0x800424f000 k=return fn=vm_get_frame value=0x800424b2b8
[DEG] r=thrd tid= 4 p4=0x800424f000 k=return fn=vm_do_claim_ value=0 result=1 page=0x8004248998 frame=0x800424b2b8 kva=0x8004a35000
[DEG] r=thrd tid= 4 p4=0x800424f000 k=return fn=vm_claim_pag value=1 page=0x8004248998
[DEG] r=thrd tid= 4 p4=0x800424f000 k=call   fn=spt_find_pag args={spt=0x80042510f0 va=0x401000}
[DEG] r=thrd tid= 4 p4=0x800424f000 k=branch fn=spt_find_pag expr="is_not_found" value=0
[DEG] r=thrd tid= 4 p4=0x800424f000 k=return fn=spt_find_pag value=0x8004248998
[DEG] r=thrd tid= 4 p4=0x800424f000 k=call   fn=vm_alloc_pag args={type=1 upage=0x400000 writable=0 init=0 aux=0}
[DEG] r=thrd tid= 4 p4=0x800424f000 k=call   fn=spt_find_pag args={spt=0x80042510f0 va=0x400000}
[DEG] r=thrd tid= 4 p4=0x800424f000 k=branch fn=spt_find_pag expr="is_not_found" value=1
[DEG] r=thrd tid= 4 p4=0x800424f000 k=return fn=spt_find_pag value=0
[DEG] r=thrd tid= 4 p4=0x800424f000 k=call   fn=spt_insert_p args={spt=0x80042510f0 page=0x8004248a18 va=0x400000}
[DEG] r=thrd tid= 4 p4=0x800424f000 k=return fn=spt_insert_p value=1
[DEG] r=thrd tid= 4 p4=0x800424f000 k=return fn=vm_alloc_pag value=true
[DEG] r=thrd tid= 4 p4=0x800424f000 k=call   fn=vm_claim_pag args={va=0x400000}
[DEG] r=thrd tid= 4 p4=0x800424f000 k=call   fn=spt_find_pag args={spt=0x80042510f0 va=0x400000}
[DEG] r=thrd tid= 4 p4=0x800424f000 k=branch fn=spt_find_pag expr="is_not_found" value=0
[DEG] r=thrd tid= 4 p4=0x800424f000 k=return fn=spt_find_pag value=0x8004248a18
[DEG] r=thrd tid= 4 p4=0x800424f000 k=call   fn=vm_do_claim_ args={page=0x8004248a18 va=0x400000}
[DEG] r=thrd tid= 4 p4=0x800424f000 k=call   fn=vm_get_frame args={void}
[DEG] r=thrd tid= 4 p4=0x800424f000 k=return fn=vm_get_frame value=0x800424b2d8
[DEG] r=thrd tid= 4 p4=0x800424f000 k=return fn=vm_do_claim_ value=0 result=1 page=0x8004248a18 frame=0x800424b2d8 kva=0x8004a36000
[DEG] r=thrd tid= 4 p4=0x800424f000 k=return fn=vm_claim_pag value=1 page=0x8004248a18
[DEG] r=thrd tid= 4 p4=0x800424f000 k=call   fn=spt_find_pag args={spt=0x80042510f0 va=0x400000}
[DEG] r=thrd tid= 4 p4=0x800424f000 k=branch fn=spt_find_pag expr="is_not_found" value=0
[DEG] r=thrd tid= 4 p4=0x800424f000 k=return fn=spt_find_pag value=0x8004248a18
[DEG] r=thrd tid= 4 p4=0x800424f000 k=call   fn=vm_alloc_pag args={type=1 upage=0x4747f000 writable=1 init=0 aux=0}
[DEG] r=thrd tid= 4 p4=0x800424f000 k=call   fn=spt_find_pag args={spt=0x80042510f0 va=0x4747f000}
[DEG] r=thrd tid= 4 p4=0x800424f000 k=branch fn=spt_find_pag expr="is_not_found" value=1
[DEG] r=thrd tid= 4 p4=0x800424f000 k=return fn=spt_find_pag value=0
[DEG] r=thrd tid= 4 p4=0x800424f000 k=call   fn=spt_insert_p args={spt=0x80042510f0 page=0x8004248a98 va=0x4747f000}
[DEG] r=thrd tid= 4 p4=0x800424f000 k=return fn=spt_insert_p value=1
[DEG] r=thrd tid= 4 p4=0x800424f000 k=return fn=vm_alloc_pag value=true
[DEG] r=thrd tid= 4 p4=0x800424f000 k=call   fn=vm_claim_pag args={va=0x4747f000}
[DEG] r=thrd tid= 4 p4=0x800424f000 k=call   fn=spt_find_pag args={spt=0x80042510f0 va=0x4747f000}
[DEG] r=thrd tid= 4 p4=0x800424f000 k=branch fn=spt_find_pag expr="is_not_found" value=0
[DEG] r=thrd tid= 4 p4=0x800424f000 k=return fn=spt_find_pag value=0x8004248a98
[DEG] r=thrd tid= 4 p4=0x800424f000 k=call   fn=vm_do_claim_ args={page=0x8004248a98 va=0x4747f000}
[DEG] r=thrd tid= 4 p4=0x800424f000 k=call   fn=vm_get_frame args={void}
[DEG] r=thrd tid= 4 p4=0x800424f000 k=return fn=vm_get_frame value=0x800424b2f8
[DEG] r=thrd tid= 4 p4=0x800424f000 k=return fn=vm_do_claim_ value=0 result=1 page=0x8004248a98 frame=0x800424b2f8 kva=0x8004a37000
[DEG] r=thrd tid= 4 p4=0x800424f000 k=return fn=vm_claim_pag value=1 page=0x8004248a98
[DEG] r=thrd tid= 4 p4=0x800424f000 k=call   fn=spt_find_pag args={spt=0x80042510f0 va=0x4747f000}
[DEG] r=thrd tid= 4 p4=0x800424f000 k=branch fn=spt_find_pag expr="is_not_found" value=0
[DEG] r=thrd tid= 4 p4=0x800424f000 k=return fn=spt_find_pag value=0x8004248a98
[DEG] r=thrd tid= 4 p4=0x800424f000 k=return fn=supplemental value=true
(fork-once) child run
child: exit(81)
[DEG] r=thrd tid= 4 p4=0x800424f000 k=call   fn=supplemental args={kill spt=0x80042510f0}
[DEG] r=thrd tid= 4 p4=0x800424f000 k=return fn=supplemental void
(fork-once) Parent: child exit status is 81
(fork-once) end
fork-once: exit(0)
[DEG] r=thrd tid= 3 p4=0x800424a000 k=call   fn=supplemental args={kill spt=0x80042490f0}
[DEG] r=thrd tid= 3 p4=0x800424a000 k=return fn=supplemental void
Execution of 'fork-once' complete.
Timer: 349 ticks
Thread: 40 idle ticks, 43 kernel ticks, 266 user ticks
hd0:0: 0 reads, 0 writes
hd0:1: 84 reads, 268 writes
hd1:0: 120 reads, 0 writes
hd1:1: 0 reads, 0 writes
Console: 41113 characters output
Keyboard: 0 keys pressed
Exception: 0 page faults
Powering off...
