c[?7l[2J[0mSeaBIOS (version 1.15.0-1)


iPXE (https://ipxe.org) 00:03.0 CA00 PCI2.10 PnP PMM+0138B4A0+012CB4A0 CA00
Press Ctrl-B to configure iPXE (PCI 00:03.0)...
                                                                               


Booting from Hard Disk..Kernel command line: -q -f put fork-multiple run fork-multiple
0 ~ 9fc00 1
100000 ~ 13e0000 1
Pintos booting with: 
	base_mem: 0x0 ~ 0x9fc00 (Usable: 639 kB)
	ext_mem: 0x100000 ~ 0x13e0000 (Usable: 19,328 kB)
Calibrating timer...  157,081,600 loops/s.
hd0: unexpected interrupt
hd0:0: detected 377 sector (188 kB) disk, model "QEMU HARDDISK", serial "QM00001"
hd0:1: detected 20,160 sector (9 MB) disk, model "QEMU HARDDISK", serial "QM00002"
hd1: unexpected interrupt
hd1:0: detected 120 sector (60 kB) disk, model "QEMU HARDDISK", serial "QM00003"
hd1:1: detected 8,064 sector (3 MB) disk, model "QEMU HARDDISK", serial "QM00004"
Formatting file system...done.
[DEG] r=thrd tid= 1 p4=           0 k=call   fn=vm_init      args={void}
[DEG] r=thrd tid= 1 p4=           0 k=call   fn=init_frame_t args={frame_table=0x8004231920}
[DEG] r=thrd tid= 1 p4=           0 k=return fn=init_frame_t void
[DEG] r=thrd tid= 1 p4=           0 k=return fn=vm_init      void
Boot complete.
Putting 'fork-multiple' into the file system...
Executing 'fork-multiple':
[DEG] r=thrd tid= 3 p4=           0 k=call   fn=initd        args={file_name="fork-multiple" status=0x8004248018}
[DEG] r=thrd tid= 3 p4=           0 k=call   fn=supplemental args={init spt=0x80042490f0}
[DEG] r=thrd tid= 3 p4=           0 k=return fn=supplemental void
[DEG] r=thrd tid= 3 p4=           0 k=call   fn=process_exec args={f_name=0x8004246000 file_name="fork-multiple"}
[DEG] r=thrd tid= 3 p4=           0 k=call   fn=load         args={file_name="fork-multiple" if_=0x8004249e58}
[DEG] r=thrd tid= 3 p4=0x800424a000 k=seg    fn=load         vals={file_page=0 mem_page=4190208 read_bytes=400 zero_bytes=3696 writable=0}
[DEG] r=thrd tid= 3 p4=0x800424a000 k=call   fn=load_segment args={file=0x8004243038 ofs=0 upage=0x3ff000 read_bytes=400 zero_bytes=3696 writable=0}
[DEG] r=thrd tid= 3 p4=0x800424a000 k=loop.s fn=load_segment expr="read_bytes > 0 || zero_bytes > 0" value=1 read_bytes=400 zero_bytes=3696
[DEG] r=thrd tid= 3 p4=0x800424a000 k=loop   fn=load_segment expr="has_page_now" value=1 upage=0x3ff000 read_bytes=400 zero_bytes=3696, ofs=0
[DEG] r=thrd tid= 3 p4=0x800424a000 k=call   fn=vm_alloc_pag args={type=1 upage=0x3ff000 writable=0 init=0x800421f083 aux=0x800424b018}
[DEG] r=thrd tid= 3 p4=0x800424a000 k=call   fn=spt_find_pag args={spt=0x80042490f0 va=0x3ff000}
[DEG] r=thrd tid= 3 p4=0x800424a000 k=branch fn=spt_find_pag expr="is_not_found" value=1
[DEG] r=thrd tid= 3 p4=0x800424a000 k=return fn=spt_find_pag value=0
[DEG] r=thrd tid= 3 p4=0x800424a000 k=call   fn=spt_insert_p args={spt=0x80042490f0 page=0x8004248118 va=0x3ff000}
[DEG] r=thrd tid= 3 p4=0x800424a000 k=return fn=spt_insert_p value=1
[DEG] r=thrd tid= 3 p4=0x800424a000 k=return fn=vm_alloc_pag value=true
[DEG] r=thrd tid= 3 p4=0x800424a000 k=loop.e fn=load_segment expr="read_bytes > 0 || zero_bytes > 0" value=0 upage=0x400000 read_bytes=0 zero_bytes=0
[DEG] r=thrd tid= 3 p4=0x800424a000 k=return fn=load_segment value=true
[DEG] r=thrd tid= 3 p4=0x800424a000 k=branch fn=load         expr="is_segment_load_failed" value=0
[DEG] r=thrd tid= 3 p4=0x800424a000 k=seg    fn=load         vals={file_page=4096 mem_page=4194304 read_bytes=20192 zero_bytes=288 writable=0}
[DEG] r=thrd tid= 3 p4=0x800424a000 k=call   fn=load_segment args={file=0x8004243038 ofs=4096 upage=0x400000 read_bytes=20192 zero_bytes=288 writable=0}
[DEG] r=thrd tid= 3 p4=0x800424a000 k=loop.s fn=load_segment expr="read_bytes > 0 || zero_bytes > 0" value=1 read_bytes=20192 zero_bytes=288
[DEG] r=thrd tid= 3 p4=0x800424a000 k=loop   fn=load_segment expr="has_page_now" value=1 upage=0x400000 read_bytes=20192 zero_bytes=288, ofs=4096
[DEG] r=thrd tid= 3 p4=0x800424a000 k=call   fn=vm_alloc_pag args={type=1 upage=0x400000 writable=0 init=0x800421f083 aux=0x800424b038}
[DEG] r=thrd tid= 3 p4=0x800424a000 k=call   fn=spt_find_pag args={spt=0x80042490f0 va=0x400000}
[DEG] r=thrd tid= 3 p4=0x800424a000 k=branch fn=spt_find_pag expr="is_not_found" value=1
[DEG] r=thrd tid= 3 p4=0x800424a000 k=return fn=spt_find_pag value=0
[DEG] r=thrd tid= 3 p4=0x800424a000 k=call   fn=spt_insert_p args={spt=0x80042490f0 page=0x8004248198 va=0x400000}
[DEG] r=thrd tid= 3 p4=0x800424a000 k=return fn=spt_insert_p value=1
[DEG] r=thrd tid= 3 p4=0x800424a000 k=return fn=vm_alloc_pag value=true
[DEG] r=thrd tid= 3 p4=0x800424a000 k=loop   fn=load_segment expr="has_page_now" value=1 upage=0x401000 read_bytes=16096 zero_bytes=288, ofs=8192
[DEG] r=thrd tid= 3 p4=0x800424a000 k=call   fn=vm_alloc_pag args={type=1 upage=0x401000 writable=0 init=0x800421f083 aux=0x800424b058}
[DEG] r=thrd tid= 3 p4=0x800424a000 k=call   fn=spt_find_pag args={spt=0x80042490f0 va=0x401000}
[DEG] r=thrd tid= 3 p4=0x800424a000 k=branch fn=spt_find_pag expr="is_not_found" value=1
[DEG] r=thrd tid= 3 p4=0x800424a000 k=return fn=spt_find_pag value=0
[DEG] r=thrd tid= 3 p4=0x800424a000 k=call   fn=spt_insert_p args={spt=0x80042490f0 page=0x8004248218 va=0x401000}
[DEG] r=thrd tid= 3 p4=0x800424a000 k=return fn=spt_insert_p value=1
[DEG] r=thrd tid= 3 p4=0x800424a000 k=return fn=vm_alloc_pag value=true
[DEG] r=thrd tid= 3 p4=0x800424a000 k=loop   fn=load_segment expr="has_page_now" value=1 upage=0x402000 read_bytes=12000 zero_bytes=288, ofs=12288
[DEG] r=thrd tid= 3 p4=0x800424a000 k=call   fn=vm_alloc_pag args={type=1 upage=0x402000 writable=0 init=0x800421f083 aux=0x800424b078}
[DEG] r=thrd tid= 3 p4=0x800424a000 k=call   fn=spt_find_pag args={spt=0x80042490f0 va=0x402000}
[DEG] r=thrd tid= 3 p4=0x800424a000 k=branch fn=spt_find_pag expr="is_not_found" value=1
[DEG] r=thrd tid= 3 p4=0x800424a000 k=return fn=spt_find_pag value=0
[DEG] r=thrd tid= 3 p4=0x800424a000 k=call   fn=spt_insert_p args={spt=0x80042490f0 page=0x8004248298 va=0x402000}
[DEG] r=thrd tid= 3 p4=0x800424a000 k=return fn=spt_insert_p value=1
[DEG] r=thrd tid= 3 p4=0x800424a000 k=return fn=vm_alloc_pag value=true
[DEG] r=thrd tid= 3 p4=0x800424a000 k=loop   fn=load_segment expr="has_page_now" value=1 upage=0x403000 read_bytes=7904 zero_bytes=288, ofs=16384
[DEG] r=thrd tid= 3 p4=0x800424a000 k=call   fn=vm_alloc_pag args={type=1 upage=0x403000 writable=0 init=0x800421f083 aux=0x800424b098}
[DEG] r=thrd tid= 3 p4=0x800424a000 k=call   fn=spt_find_pag args={spt=0x80042490f0 va=0x403000}
[DEG] r=thrd tid= 3 p4=0x800424a000 k=branch fn=spt_find_pag expr="is_not_found" value=1
[DEG] r=thrd tid= 3 p4=0x800424a000 k=return fn=spt_find_pag value=0
[DEG] r=thrd tid= 3 p4=0x800424a000 k=call   fn=spt_insert_p args={spt=0x80042490f0 page=0x8004248318 va=0x403000}
[DEG] r=thrd tid= 3 p4=0x800424a000 k=return fn=spt_insert_p value=1
[DEG] r=thrd tid= 3 p4=0x800424a000 k=return fn=vm_alloc_pag value=true
[DEG] r=thrd tid= 3 p4=0x800424a000 k=loop   fn=load_segment expr="has_page_now" value=1 upage=0x404000 read_bytes=3808 zero_bytes=288, ofs=20480
[DEG] r=thrd tid= 3 p4=0x800424a000 k=call   fn=vm_alloc_pag args={type=1 upage=0x404000 writable=0 init=0x800421f083 aux=0x800424b0b8}
[DEG] r=thrd tid= 3 p4=0x800424a000 k=call   fn=spt_find_pag args={spt=0x80042490f0 va=0x404000}
[DEG] r=thrd tid= 3 p4=0x800424a000 k=branch fn=spt_find_pag expr="is_not_found" value=1
[DEG] r=thrd tid= 3 p4=0x800424a000 k=return fn=spt_find_pag value=0
[DEG] r=thrd tid= 3 p4=0x800424a000 k=call   fn=spt_insert_p args={spt=0x80042490f0 page=0x8004248398 va=0x404000}
[DEG] r=thrd tid= 3 p4=0x800424a000 k=return fn=spt_insert_p value=1
[DEG] r=thrd tid= 3 p4=0x800424a000 k=return fn=vm_alloc_pag value=true
[DEG] r=thrd tid= 3 p4=0x800424a000 k=loop.e fn=load_segment expr="read_bytes > 0 || zero_bytes > 0" value=0 upage=0x405000 read_bytes=0 zero_bytes=0
[DEG] r=thrd tid= 3 p4=0x800424a000 k=return fn=load_segment value=true
[DEG] r=thrd tid= 3 p4=0x800424a000 k=branch fn=load         expr="is_segment_load_failed" value=0
[DEG] r=thrd tid= 3 p4=0x800424a000 k=seg    fn=load         vals={file_page=20480 mem_page=4214784 read_bytes=3812 zero_bytes=4380 writable=1}
[DEG] r=thrd tid= 3 p4=0x800424a000 k=call   fn=load_segment args={file=0x8004243038 ofs=20480 upage=0x405000 read_bytes=3812 zero_bytes=4380 writable=1}
[DEG] r=thrd tid= 3 p4=0x800424a000 k=loop.s fn=load_segment expr="read_bytes > 0 || zero_bytes > 0" value=1 read_bytes=3812 zero_bytes=4380
[DEG] r=thrd tid= 3 p4=0x800424a000 k=loop   fn=load_segment expr="has_page_now" value=1 upage=0x405000 read_bytes=3812 zero_bytes=4380, ofs=20480
[DEG] r=thrd tid= 3 p4=0x800424a000 k=call   fn=vm_alloc_pag args={type=1 upage=0x405000 writable=1 init=0x800421f083 aux=0x800424b0d8}
[DEG] r=thrd tid= 3 p4=0x800424a000 k=call   fn=spt_find_pag args={spt=0x80042490f0 va=0x405000}
[DEG] r=thrd tid= 3 p4=0x800424a000 k=branch fn=spt_find_pag expr="is_not_found" value=1
[DEG] r=thrd tid= 3 p4=0x800424a000 k=return fn=spt_find_pag value=0
[DEG] r=thrd tid= 3 p4=0x800424a000 k=call   fn=spt_insert_p args={spt=0x80042490f0 page=0x8004248418 va=0x405000}
[DEG] r=thrd tid= 3 p4=0x800424a000 k=return fn=spt_insert_p value=1
[DEG] r=thrd tid= 3 p4=0x800424a000 k=return fn=vm_alloc_pag value=true
[DEG] r=thrd tid= 3 p4=0x800424a000 k=loop   fn=load_segment expr="has_page_now" value=1 upage=0x406000 read_bytes=0 zero_bytes=4096, ofs=24292
[DEG] r=thrd tid= 3 p4=0x800424a000 k=call   fn=vm_alloc_pag args={type=1 upage=0x406000 writable=1 init=0x800421f083 aux=0x800424b0f8}
[DEG] r=thrd tid= 3 p4=0x800424a000 k=call   fn=spt_find_pag args={spt=0x80042490f0 va=0x406000}
[DEG] r=thrd tid= 3 p4=0x800424a000 k=branch fn=spt_find_pag expr="is_not_found" value=1
[DEG] r=thrd tid= 3 p4=0x800424a000 k=return fn=spt_find_pag value=0
[DEG] r=thrd tid= 3 p4=0x800424a000 k=call   fn=spt_insert_p args={spt=0x80042490f0 page=0x8004248498 va=0x406000}
[DEG] r=thrd tid= 3 p4=0x800424a000 k=return fn=spt_insert_p value=1
[DEG] r=thrd tid= 3 p4=0x800424a000 k=return fn=vm_alloc_pag value=true
[DEG] r=thrd tid= 3 p4=0x800424a000 k=loop.e fn=load_segment expr="read_bytes > 0 || zero_bytes > 0" value=0 upage=0x407000 read_bytes=0 zero_bytes=0
[DEG] r=thrd tid= 3 p4=0x800424a000 k=return fn=load_segment value=true
[DEG] r=thrd tid= 3 p4=0x800424a000 k=branch fn=load         expr="is_segment_load_failed" value=0
[DEG] r=thrd tid= 3 p4=0x800424a000 k=here   fn=load         vals={before setup_stack}
[DEG] r=thrd tid= 3 p4=0x800424a000 k=call   fn=setup_stack  args={if_=0x8004249e58}
[DEG] r=thrd tid= 3 p4=0x800424a000 k=stat   fn=setup_stack  vals={USER_STACK=0x47480000 stack_bottom=0x4747f000}
[DEG] r=thrd tid= 3 p4=0x800424a000 k=call   fn=vm_alloc_pag args={type=9 upage=0x4747f000 writable=1 init=0 aux=0}
[DEG] r=thrd tid= 3 p4=0x800424a000 k=call   fn=spt_find_pag args={spt=0x80042490f0 va=0x4747f000}
[DEG] r=thrd tid= 3 p4=0x800424a000 k=branch fn=spt_find_pag expr="is_not_found" value=1
[DEG] r=thrd tid= 3 p4=0x800424a000 k=return fn=spt_find_pag value=0
[DEG] r=thrd tid= 3 p4=0x800424a000 k=call   fn=spt_insert_p args={spt=0x80042490f0 page=0x8004248518 va=0x4747f000}
[DEG] r=thrd tid= 3 p4=0x800424a000 k=return fn=spt_insert_p value=1
[DEG] r=thrd tid= 3 p4=0x800424a000 k=return fn=vm_alloc_pag value=true
[DEG] r=thrd tid= 3 p4=0x800424a000 k=call   fn=vm_claim_pag args={va=0x4747f000}
[DEG] r=thrd tid= 3 p4=0x800424a000 k=call   fn=spt_find_pag args={spt=0x80042490f0 va=0x4747f000}
[DEG] r=thrd tid= 3 p4=0x800424a000 k=branch fn=spt_find_pag expr="is_not_found" value=0
[DEG] r=thrd tid= 3 p4=0x800424a000 k=return fn=spt_find_pag value=0x8004248518
[DEG] r=thrd tid= 3 p4=0x800424a000 k=call   fn=vm_do_claim_ args={page=0x8004248518 va=0x4747f000}
[DEG] r=thrd tid= 3 p4=0x800424a000 k=call   fn=vm_get_frame args={void}
[DEG] r=thrd tid= 3 p4=0x800424a000 k=return fn=vm_get_frame value=0x800424b118
[DEG] r=thrd tid= 3 p4=0x800424a000 k=return fn=vm_do_claim_ value=0 result=1 page=0x8004248518 frame=0x800424b118 kva=0x8004a21000
[DEG] r=thrd tid= 3 p4=0x800424a000 k=return fn=vm_claim_pag value=1 page=0x8004248518
[DEG] r=thrd tid= 3 p4=0x800424a000 k=here   fn=setup_stack  vals={before label - done}
[DEG] r=thrd tid= 3 p4=0x800424a000 k=return fn=setup_stack  value=1
[DEG] r=thrd tid= 3 p4=0x800424a000 k=here   fn=load         vals={before label done}
[DEG] r=thrd tid= 3 p4=0x800424a000 k=return fn=load         value=1
[DEG] r=thrd tid= 3 p4=0x800424a000 k=branch fn=process_exec expr="is_load_failed" value=0
[DEG] r=thrd tid= 3 p4=0x800424a000 k=call   fn=vm_try_handl args={f=0x8004249f40 addr=0x400c39 user=1 write=0 not_present=1}
[DEG] r=thrd tid= 3 p4=0x800424a000 k=call   fn=spt_find_pag args={spt=0x80042490f0 va=0x400000}
[DEG] r=thrd tid= 3 p4=0x800424a000 k=branch fn=spt_find_pag expr="is_not_found" value=0
[DEG] r=thrd tid= 3 p4=0x800424a000 k=return fn=spt_find_pag value=0x8004248198
[DEG] r=thrd tid= 3 p4=0x800424a000 k=branch fn=vm_try_handl expr="is_not_found" value=0
[DEG] r=thrd tid= 3 p4=0x800424a000 k=call   fn=vm_do_claim_ args={page=0x8004248198 va=0x400000}
[DEG] r=thrd tid= 3 p4=0x800424a000 k=call   fn=vm_get_frame args={void}
[DEG] r=thrd tid= 3 p4=0x800424a000 k=return fn=vm_get_frame value=0x800424b138
[DEG] r=thrd tid= 3 p4=0x800424a000 k=call   fn=lazy_load_se args={page=0x8004248198 aux=0x800424b038 va=0x400000}
[DEG] r=thrd tid= 3 p4=0x800424a000 k=call   fn=vm_claim_pag args={va=0x400000}
[DEG] r=thrd tid= 3 p4=0x800424a000 k=call   fn=spt_find_pag args={spt=0x80042490f0 va=0x400000}
[DEG] r=thrd tid= 3 p4=0x800424a000 k=branch fn=spt_find_pag expr="is_not_found" value=0
[DEG] r=thrd tid= 3 p4=0x800424a000 k=return fn=spt_find_pag value=0x8004248198
[DEG] r=thrd tid= 3 p4=0x800424a000 k=call   fn=vm_do_claim_ args={page=0x8004248198 va=0x400000}
[DEG] r=thrd tid= 3 p4=0x800424a000 k=call   fn=vm_get_frame args={void}
[DEG] r=thrd tid= 3 p4=0x800424a000 k=return fn=vm_get_frame value=0x800424b158
[DEG] r=thrd tid= 3 p4=0x800424a000 k=return fn=vm_do_claim_ value=0 result=200 page=0x8004248198 frame=0x800424b158 kva=0x8004a23000
[DEG] r=thrd tid= 3 p4=0x800424a000 k=return fn=vm_claim_pag value=1 page=0x8004248198
[DEG] r=thrd tid= 3 p4=0x800424a000 k=return fn=lazy_load_se value=true
[DEG] r=thrd tid= 3 p4=0x800424a000 k=return fn=vm_do_claim_ value=0 result=1 page=0x8004248198 frame=0x800424b138 kva=0x8004a22000
[DEG] r=thrd tid= 3 p4=0x800424a000 k=return fn=vm_try_handl value=1
[DEG] r=thrd tid= 3 p4=0x800424a000 k=call   fn=vm_try_handl args={f=0x8004249f40 addr=0x405f00 user=1 write=1 not_present=1}
[DEG] r=thrd tid= 3 p4=0x800424a000 k=call   fn=spt_find_pag args={spt=0x80042490f0 va=0x405000}
[DEG] r=thrd tid= 3 p4=0x800424a000 k=branch fn=spt_find_pag expr="is_not_found" value=0
[DEG] r=thrd tid= 3 p4=0x800424a000 k=return fn=spt_find_pag value=0x8004248418
[DEG] r=thrd tid= 3 p4=0x800424a000 k=branch fn=vm_try_handl expr="is_not_found" value=0
[DEG] r=thrd tid= 3 p4=0x800424a000 k=call   fn=vm_do_claim_ args={page=0x8004248418 va=0x405000}
[DEG] r=thrd tid= 3 p4=0x800424a000 k=call   fn=vm_get_frame args={void}
[DEG] r=thrd tid= 3 p4=0x800424a000 k=return fn=vm_get_frame value=0x800424b038
[DEG] r=thrd tid= 3 p4=0x800424a000 k=call   fn=lazy_load_se args={page=0x8004248418 aux=0x800424b0d8 va=0x405000}
[DEG] r=thrd tid= 3 p4=0x800424a000 k=call   fn=vm_claim_pag args={va=0x405000}
[DEG] r=thrd tid= 3 p4=0x800424a000 k=call   fn=spt_find_pag args={spt=0x80042490f0 va=0x405000}
[DEG] r=thrd tid= 3 p4=0x800424a000 k=branch fn=spt_find_pag expr="is_not_found" value=0
[DEG] r=thrd tid= 3 p4=0x800424a000 k=return fn=spt_find_pag value=0x8004248418
[DEG] r=thrd tid= 3 p4=0x800424a000 k=call   fn=vm_do_claim_ args={page=0x8004248418 va=0x405000}
[DEG] r=thrd tid= 3 p4=0x800424a000 k=call   fn=vm_get_frame args={void}
[DEG] r=thrd tid= 3 p4=0x800424a000 k=return fn=vm_get_frame value=0x800424b178
[DEG] r=thrd tid= 3 p4=0x800424a000 k=return fn=vm_do_claim_ value=0 result=72 page=0x8004248418 frame=0x800424b178 kva=0x8004a25000
[DEG] r=thrd tid= 3 p4=0x800424a000 k=return fn=vm_claim_pag value=1 page=0x8004248418
[DEG] r=thrd tid= 3 p4=0x800424a000 k=return fn=lazy_load_se value=true
[DEG] r=thrd tid= 3 p4=0x800424a000 k=return fn=vm_do_claim_ value=0 result=1 page=0x8004248418 frame=0x800424b038 kva=0x8004a24000
[DEG] r=thrd tid= 3 p4=0x800424a000 k=return fn=vm_try_handl value=1
[DEG] r=thrd tid= 3 p4=0x800424a000 k=call   fn=vm_try_handl args={f=0x8004249f40 addr=0x401054 user=1 write=0 not_present=1}
[DEG] r=thrd tid= 3 p4=0x800424a000 k=call   fn=spt_find_pag args={spt=0x80042490f0 va=0x401000}
[DEG] r=thrd tid= 3 p4=0x800424a000 k=branch fn=spt_find_pag expr="is_not_found" value=0
[DEG] r=thrd tid= 3 p4=0x800424a000 k=return fn=spt_find_pag value=0x8004248218
[DEG] r=thrd tid= 3 p4=0x800424a000 k=branch fn=vm_try_handl expr="is_not_found" value=0
[DEG] r=thrd tid= 3 p4=0x800424a000 k=call   fn=vm_do_claim_ args={page=0x8004248218 va=0x401000}
[DEG] r=thrd tid= 3 p4=0x800424a000 k=call   fn=vm_get_frame args={void}
[DEG] r=thrd tid= 3 p4=0x800424a000 k=return fn=vm_get_frame value=0x800424b0d8
[DEG] r=thrd tid= 3 p4=0x800424a000 k=call   fn=lazy_load_se args={page=0x8004248218 aux=0x800424b058 va=0x401000}
[DEG] r=thrd tid= 3 p4=0x800424a000 k=call   fn=vm_claim_pag args={va=0x401000}
[DEG] r=thrd tid= 3 p4=0x800424a000 k=call   fn=spt_find_pag args={spt=0x80042490f0 va=0x401000}
[DEG] r=thrd tid= 3 p4=0x800424a000 k=branch fn=spt_find_pag expr="is_not_found" value=0
[DEG] r=thrd tid= 3 p4=0x800424a000 k=return fn=spt_find_pag value=0x8004248218
[DEG] r=thrd tid= 3 p4=0x800424a000 k=call   fn=vm_do_claim_ args={page=0x8004248218 va=0x401000}
[DEG] r=thrd tid= 3 p4=0x800424a000 k=call   fn=vm_get_frame args={void}
[DEG] r=thrd tid= 3 p4=0x800424a000 k=return fn=vm_get_frame value=0x800424b198
[DEG] r=thrd tid= 3 p4=0x800424a000 k=return fn=vm_do_claim_ value=0 result=72 page=0x8004248218 frame=0x800424b198 kva=0x8004a27000
[DEG] r=thrd tid= 3 p4=0x800424a000 k=return fn=vm_claim_pag value=1 page=0x8004248218
[DEG] r=thrd tid= 3 p4=0x800424a000 k=return fn=lazy_load_se value=true
[DEG] r=thrd tid= 3 p4=0x800424a000 k=return fn=vm_do_claim_ value=0 result=1 page=0x8004248218 frame=0x800424b0d8 kva=0x8004a26000
[DEG] r=thrd tid= 3 p4=0x800424a000 k=return fn=vm_try_handl value=1
[DEG] r=thrd tid= 3 p4=0x800424a000 k=call   fn=vm_try_handl args={f=0x8004249f40 addr=0x4045b0 user=1 write=0 not_present=1}
[DEG] r=thrd tid= 3 p4=0x800424a000 k=call   fn=spt_find_pag args={spt=0x80042490f0 va=0x404000}
[DEG] r=thrd tid= 3 p4=0x800424a000 k=branch fn=spt_find_pag expr="is_not_found" value=0
[DEG] r=thrd tid= 3 p4=0x800424a000 k=return fn=spt_find_pag value=0x8004248398
[DEG] r=thrd tid= 3 p4=0x800424a000 k=branch fn=vm_try_handl expr="is_not_found" value=0
[DEG] r=thrd tid= 3 p4=0x800424a000 k=call   fn=vm_do_claim_ args={page=0x8004248398 va=0x404000}
[DEG] r=thrd tid= 3 p4=0x800424a000 k=call   fn=vm_get_frame args={void}
[DEG] r=thrd tid= 3 p4=0x800424a000 k=return fn=vm_get_frame value=0x800424b058
[DEG] r=thrd tid= 3 p4=0x800424a000 k=call   fn=lazy_load_se args={page=0x8004248398 aux=0x800424b0b8 va=0x404000}
[DEG] r=thrd tid= 3 p4=0x800424a000 k=call   fn=vm_claim_pag args={va=0x404000}
[DEG] r=thrd tid= 3 p4=0x800424a000 k=call   fn=spt_find_pag args={spt=0x80042490f0 va=0x404000}
[DEG] r=thrd tid= 3 p4=0x800424a000 k=branch fn=spt_find_pag expr="is_not_found" value=0
[DEG] r=thrd tid= 3 p4=0x800424a000 k=return fn=spt_find_pag value=0x8004248398
[DEG] r=thrd tid= 3 p4=0x800424a000 k=call   fn=vm_do_claim_ args={page=0x8004248398 va=0x404000}
[DEG] r=thrd tid= 3 p4=0x800424a000 k=call   fn=vm_get_frame args={void}
[DEG] r=thrd tid= 3 p4=0x800424a000 k=return fn=vm_get_frame value=0x800424b1b8
[DEG] r=thrd tid= 3 p4=0x800424a000 k=return fn=vm_do_claim_ value=0 result=200 page=0x8004248398 frame=0x800424b1b8 kva=0x8004a29000
[DEG] r=thrd tid= 3 p4=0x800424a000 k=return fn=vm_claim_pag value=1 page=0x8004248398
[DEG] r=thrd tid= 3 p4=0x800424a000 k=return fn=lazy_load_se value=true
[DEG] r=thrd tid= 3 p4=0x800424a000 k=return fn=vm_do_claim_ value=0 result=1 page=0x8004248398 frame=0x800424b058 kva=0x8004a28000
[DEG] r=thrd tid= 3 p4=0x800424a000 k=return fn=vm_try_handl value=1
[DEG] r=thrd tid= 3 p4=0x800424a000 k=call   fn=vm_try_handl args={f=0x8004249f40 addr=0x402f64 user=1 write=0 not_present=1}
[DEG] r=thrd tid= 3 p4=0x800424a000 k=call   fn=spt_find_pag args={spt=0x80042490f0 va=0x402000}
[DEG] r=thrd tid= 3 p4=0x800424a000 k=branch fn=spt_find_pag expr="is_not_found" value=0
[DEG] r=thrd tid= 3 p4=0x800424a000 k=return fn=spt_find_pag value=0x8004248298
[DEG] r=thrd tid= 3 p4=0x800424a000 k=branch fn=vm_try_handl expr="is_not_found" value=0
[DEG] r=thrd tid= 3 p4=0x800424a000 k=call   fn=vm_do_claim_ args={page=0x8004248298 va=0x402000}
[DEG] r=thrd tid= 3 p4=0x800424a000 k=call   fn=vm_get_frame args={void}
[DEG] r=thrd tid= 3 p4=0x800424a000 k=return fn=vm_get_frame value=0x800424b0b8
[DEG] r=thrd tid= 3 p4=0x800424a000 k=call   fn=lazy_load_se args={page=0x8004248298 aux=0x800424b078 va=0x402000}
[DEG] r=thrd tid= 3 p4=0x800424a000 k=call   fn=vm_claim_pag args={va=0x402000}
[DEG] r=thrd tid= 3 p4=0x800424a000 k=call   fn=spt_find_pag args={spt=0x80042490f0 va=0x402000}
[DEG] r=thrd tid= 3 p4=0x800424a000 k=branch fn=spt_find_pag expr="is_not_found" value=0
[DEG] r=thrd tid= 3 p4=0x800424a000 k=return fn=spt_find_pag value=0x8004248298
[DEG] r=thrd tid= 3 p4=0x800424a000 k=call   fn=vm_do_claim_ args={page=0x8004248298 va=0x402000}
[DEG] r=thrd tid= 3 p4=0x800424a000 k=call   fn=vm_get_frame args={void}
[DEG] r=thrd tid= 3 p4=0x800424a000 k=return fn=vm_get_frame value=0x800424b1d8
[DEG] r=thrd tid= 3 p4=0x800424a000 k=return fn=vm_do_claim_ value=0 result=200 page=0x8004248298 frame=0x800424b1d8 kva=0x8004a2b000
[DEG] r=thrd tid= 3 p4=0x800424a000 k=return fn=vm_claim_pag value=1 page=0x8004248298
[DEG] r=thrd tid= 3 p4=0x800424a000 k=return fn=lazy_load_se value=true
[DEG] r=thrd tid= 3 p4=0x800424a000 k=return fn=vm_do_claim_ value=0 result=1 page=0x8004248298 frame=0x800424b0b8 kva=0x8004a2a000
[DEG] r=thrd tid= 3 p4=0x800424a000 k=return fn=vm_try_handl value=1
[DEG] r=thrd tid= 3 p4=0x800424a000 k=call   fn=vm_try_handl args={f=0x8004249f40 addr=0x403011 user=1 write=0 not_present=1}
[DEG] r=thrd tid= 3 p4=0x800424a000 k=call   fn=spt_find_pag args={spt=0x80042490f0 va=0x403000}
[DEG] r=thrd tid= 3 p4=0x800424a000 k=branch fn=spt_find_pag expr="is_not_found" value=0
[DEG] r=thrd tid= 3 p4=0x800424a000 k=return fn=spt_find_pag value=0x8004248318
[DEG] r=thrd tid= 3 p4=0x800424a000 k=branch fn=vm_try_handl expr="is_not_found" value=0
[DEG] r=thrd tid= 3 p4=0x800424a000 k=call   fn=vm_do_claim_ args={page=0x8004248318 va=0x403000}
[DEG] r=thrd tid= 3 p4=0x800424a000 k=call   fn=vm_get_frame args={void}
[DEG] r=thrd tid= 3 p4=0x800424a000 k=return fn=vm_get_frame value=0x800424b078
[DEG] r=thrd tid= 3 p4=0x800424a000 k=call   fn=lazy_load_se args={page=0x8004248318 aux=0x800424b098 va=0x403000}
[DEG] r=thrd tid= 3 p4=0x800424a000 k=call   fn=vm_claim_pag args={va=0x403000}
[DEG] r=thrd tid= 3 p4=0x800424a000 k=call   fn=spt_find_pag args={spt=0x80042490f0 va=0x403000}
[DEG] r=thrd tid= 3 p4=0x800424a000 k=branch fn=spt_find_pag expr="is_not_found" value=0
[DEG] r=thrd tid= 3 p4=0x800424a000 k=return fn=spt_find_pag value=0x8004248318
[DEG] r=thrd tid= 3 p4=0x800424a000 k=call   fn=vm_do_claim_ args={page=0x8004248318 va=0x403000}
[DEG] r=thrd tid= 3 p4=0x800424a000 k=call   fn=vm_get_frame args={void}
[DEG] r=thrd tid= 3 p4=0x800424a000 k=return fn=vm_get_frame value=0x800424b1f8
[DEG] r=thrd tid= 3 p4=0x800424a000 k=return fn=vm_do_claim_ value=0 result=72 page=0x8004248318 frame=0x800424b1f8 kva=0x8004a2d000
[DEG] r=thrd tid= 3 p4=0x800424a000 k=return fn=vm_claim_pag value=1 page=0x8004248318
[DEG] r=thrd tid= 3 p4=0x800424a000 k=return fn=lazy_load_se value=true
[DEG] r=thrd tid= 3 p4=0x800424a000 k=return fn=vm_do_claim_ value=0 result=1 page=0x8004248318 frame=0x800424b078 kva=0x8004a2c000
[DEG] r=thrd tid= 3 p4=0x800424a000 k=return fn=vm_try_handl value=1
(fork-multiple) begin
[DEG] r=thrd tid= 3 p4=0x800424a000 k=call   fn=vm_try_handl args={f=0x8004249f40 addr=0x406320 user=1 write=1 not_present=1}
[DEG] r=thrd tid= 3 p4=0x800424a000 k=call   fn=spt_find_pag args={spt=0x80042490f0 va=0x406000}
[DEG] r=thrd tid= 3 p4=0x800424a000 k=branch fn=spt_find_pag expr="is_not_found" value=0
[DEG] r=thrd tid= 3 p4=0x800424a000 k=return fn=spt_find_pag value=0x8004248498
[DEG] r=thrd tid= 3 p4=0x800424a000 k=branch fn=vm_try_handl expr="is_not_found" value=0
[DEG] r=thrd tid= 3 p4=0x800424a000 k=call   fn=vm_do_claim_ args={page=0x8004248498 va=0x406000}
[DEG] r=thrd tid= 3 p4=0x800424a000 k=call   fn=vm_get_frame args={void}
[DEG] r=thrd tid= 3 p4=0x800424a000 k=return fn=vm_get_frame value=0x800424b098
[DEG] r=thrd tid= 3 p4=0x800424a000 k=call   fn=lazy_load_se args={page=0x8004248498 aux=0x800424b0f8 va=0x406000}
[DEG] r=thrd tid= 3 p4=0x800424a000 k=call   fn=vm_claim_pag args={va=0x406000}
[DEG] r=thrd tid= 3 p4=0x800424a000 k=call   fn=spt_find_pag args={spt=0x80042490f0 va=0x406000}
[DEG] r=thrd tid= 3 p4=0x800424a000 k=branch fn=spt_find_pag expr="is_not_found" value=0
[DEG] r=thrd tid= 3 p4=0x800424a000 k=return fn=spt_find_pag value=0x8004248498
[DEG] r=thrd tid= 3 p4=0x800424a000 k=call   fn=vm_do_claim_ args={page=0x8004248498 va=0x406000}
[DEG] r=thrd tid= 3 p4=0x800424a000 k=call   fn=vm_get_frame args={void}
[DEG] r=thrd tid= 3 p4=0x800424a000 k=return fn=vm_get_frame value=0x800424b218
[DEG] r=thrd tid= 3 p4=0x800424a000 k=return fn=vm_do_claim_ value=0 result=200 page=0x8004248498 frame=0x800424b218 kva=0x8004a2f000
[DEG] r=thrd tid= 3 p4=0x800424a000 k=return fn=vm_claim_pag value=1 page=0x8004248498
[DEG] r=thrd tid= 3 p4=0x800424a000 k=return fn=lazy_load_se value=true
[DEG] r=thrd tid= 3 p4=0x800424a000 k=return fn=vm_do_claim_ value=0 result=1 page=0x8004248498 frame=0x800424b098 kva=0x8004a2e000
[DEG] r=thrd tid= 3 p4=0x800424a000 k=return fn=vm_try_handl value=1
[DEG] r=thrd tid= 4 p4=0x800424f000 k=call   fn=supplemental args={init spt=0x80042510f0}
[DEG] r=thrd tid= 4 p4=0x800424f000 k=return fn=supplemental void
[DEG] r=thrd tid= 4 p4=0x800424f000 k=call   fn=supplemental args={copy dst=0x80042510f0 src=0x80042490f0}
[DEG] r=thrd tid= 4 p4=0x800424f000 k=call   fn=vm_alloc_pag args={type=1 upage=0x3ff000 writable=0 init=0x800421f083 aux=0x800424b018}
[DEG] r=thrd tid= 4 p4=0x800424f000 k=call   fn=spt_find_pag args={spt=0x80042510f0 va=0x3ff000}
[DEG] r=thrd tid= 4 p4=0x800424f000 k=branch fn=spt_find_pag expr="is_not_found" value=1
[DEG] r=thrd tid= 4 p4=0x800424f000 k=return fn=spt_find_pag value=0
[DEG] r=thrd tid= 4 p4=0x800424f000 k=call   fn=spt_insert_p args={spt=0x80042510f0 page=0x8004248698 va=0x3ff000}
[DEG] r=thrd tid= 4 p4=0x800424f000 k=return fn=spt_insert_p value=1
[DEG] r=thrd tid= 4 p4=0x800424f000 k=return fn=vm_alloc_pag value=true
[DEG] r=thrd tid= 4 p4=0x800424f000 k=call   fn=vm_alloc_pag args={type=1 upage=0x406000 writable=1 init=0 aux=0}
[DEG] r=thrd tid= 4 p4=0x800424f000 k=call   fn=spt_find_pag args={spt=0x80042510f0 va=0x406000}
[DEG] r=thrd tid= 4 p4=0x800424f000 k=branch fn=spt_find_pag expr="is_not_found" value=1
[DEG] r=thrd tid= 4 p4=0x800424f000 k=return fn=spt_find_pag value=0
[DEG] r=thrd tid= 4 p4=0x800424f000 k=call   fn=spt_insert_p args={spt=0x80042510f0 page=0x8004248718 va=0x406000}
[DEG] r=thrd tid= 4 p4=0x800424f000 k=return fn=spt_insert_p value=1
[DEG] r=thrd tid= 4 p4=0x800424f000 k=return fn=vm_alloc_pag value=true
[DEG] r=thrd tid= 4 p4=0x800424f000 k=call   fn=vm_claim_pag args={va=0x406000}
[DEG] r=thrd tid= 4 p4=0x800424f000 k=call   fn=spt_find_pag args={spt=0x80042510f0 va=0x406000}
[DEG] r=thrd tid= 4 p4=0x800424f000 k=branch fn=spt_find_pag expr="is_not_found" value=0
[DEG] r=thrd tid= 4 p4=0x800424f000 k=return fn=spt_find_pag value=0x8004248718
[DEG] r=thrd tid= 4 p4=0x800424f000 k=call   fn=vm_do_claim_ args={page=0x8004248718 va=0x406000}
[DEG] r=thrd tid= 4 p4=0x800424f000 k=call   fn=vm_get_frame args={void}
[DEG] r=thrd tid= 4 p4=0x800424f000 k=return fn=vm_get_frame value=0x800424b0f8
[DEG] r=thrd tid= 4 p4=0x800424f000 k=return fn=vm_do_claim_ value=0 result=1 page=0x8004248718 frame=0x800424b0f8 kva=0x8004a30000
[DEG] r=thrd tid= 4 p4=0x800424f000 k=return fn=vm_claim_pag value=1 page=0x8004248718
[DEG] r=thrd tid= 4 p4=0x800424f000 k=call   fn=spt_find_pag args={spt=0x80042510f0 va=0x406000}
[DEG] r=thrd tid= 4 p4=0x800424f000 k=branch fn=spt_find_pag expr="is_not_found" value=0
[DEG] r=thrd tid= 4 p4=0x800424f000 k=return fn=spt_find_pag value=0x8004248718
[DEG] r=thrd tid= 4 p4=0x800424f000 k=call   fn=vm_alloc_pag args={type=1 upage=0x405000 writable=1 init=0 aux=0}
[DEG] r=thrd tid= 4 p4=0x800424f000 k=call   fn=spt_find_pag args={spt=0x80042510f0 va=0x405000}
[DEG] r=thrd tid= 4 p4=0x800424f000 k=branch fn=spt_find_pag expr="is_not_found" value=1
[DEG] r=thrd tid= 4 p4=0x800424f000 k=return fn=spt_find_pag value=0
[DEG] r=thrd tid= 4 p4=0x800424f000 k=call   fn=spt_insert_p args={spt=0x80042510f0 page=0x8004248798 va=0x405000}
[DEG] r=thrd tid= 4 p4=0x800424f000 k=return fn=spt_insert_p value=1
[DEG] r=thrd tid= 4 p4=0x800424f000 k=return fn=vm_alloc_pag value=true
[DEG] r=thrd tid= 4 p4=0x800424f000 k=call   fn=vm_claim_pag args={va=0x405000}
[DEG] r=thrd tid= 4 p4=0x800424f000 k=call   fn=spt_find_pag args={spt=0x80042510f0 va=0x405000}
[DEG] r=thrd tid= 4 p4=0x800424f000 k=branch fn=spt_find_pag expr="is_not_found" value=0
[DEG] r=thrd tid= 4 p4=0x800424f000 k=return fn=spt_find_pag value=0x8004248798
[DEG] r=thrd tid= 4 p4=0x800424f000 k=call   fn=vm_do_claim_ args={page=0x8004248798 va=0x405000}
[DEG] r=thrd tid= 4 p4=0x800424f000 k=call   fn=vm_get_frame args={void}
[DEG] r=thrd tid= 4 p4=0x800424f000 k=return fn=vm_get_frame value=0x800424b238
[DEG] r=thrd tid= 4 p4=0x800424f000 k=return fn=vm_do_claim_ value=0 result=1 page=0x8004248798 frame=0x800424b238 kva=0x8004a31000
[DEG] r=thrd tid= 4 p4=0x800424f000 k=return fn=vm_claim_pag value=1 page=0x8004248798
[DEG] r=thrd tid= 4 p4=0x800424f000 k=call   fn=spt_find_pag args={spt=0x80042510f0 va=0x405000}
[DEG] r=thrd tid= 4 p4=0x800424f000 k=branch fn=spt_find_pag expr="is_not_found" value=0
[DEG] r=thrd tid= 4 p4=0x800424f000 k=return fn=spt_find_pag value=0x8004248798
[DEG] r=thrd tid= 4 p4=0x800424f000 k=call   fn=vm_alloc_pag args={type=1 upage=0x404000 writable=0 init=0 aux=0}
[DEG] r=thrd tid= 4 p4=0x800424f000 k=call   fn=spt_find_pag args={spt=0x80042510f0 va=0x404000}
[DEG] r=thrd tid= 4 p4=0x800424f000 k=branch fn=spt_find_pag expr="is_not_found" value=1
[DEG] r=thrd tid= 4 p4=0x800424f000 k=return fn=spt_find_pag value=0
[DEG] r=thrd tid= 4 p4=0x800424f000 k=call   fn=spt_insert_p args={spt=0x80042510f0 page=0x8004248818 va=0x404000}
[DEG] r=thrd tid= 4 p4=0x800424f000 k=return fn=spt_insert_p value=1
[DEG] r=thrd tid= 4 p4=0x800424f000 k=return fn=vm_alloc_pag value=true
[DEG] r=thrd tid= 4 p4=0x800424f000 k=call   fn=vm_claim_pag args={va=0x404000}
[DEG] r=thrd tid= 4 p4=0x800424f000 k=call   fn=spt_find_pag args={spt=0x80042510f0 va=0x404000}
[DEG] r=thrd tid= 4 p4=0x800424f000 k=branch fn=spt_find_pag expr="is_not_found" value=0
[DEG] r=thrd tid= 4 p4=0x800424f000 k=return fn=spt_find_pag value=0x8004248818
[DEG] r=thrd tid= 4 p4=0x800424f000 k=call   fn=vm_do_claim_ args={page=0x8004248818 va=0x404000}
[DEG] r=thrd tid= 4 p4=0x800424f000 k=call   fn=vm_get_frame args={void}
[DEG] r=thrd tid= 4 p4=0x800424f000 k=return fn=vm_get_frame value=0x800424b258
[DEG] r=thrd tid= 4 p4=0x800424f000 k=return fn=vm_do_claim_ value=0 result=1 page=0x8004248818 frame=0x800424b258 kva=0x8004a32000
[DEG] r=thrd tid= 4 p4=0x800424f000 k=return fn=vm_claim_pag value=1 page=0x8004248818
[DEG] r=thrd tid= 4 p4=0x800424f000 k=call   fn=spt_find_pag args={spt=0x80042510f0 va=0x404000}
[DEG] r=thrd tid= 4 p4=0x800424f000 k=branch fn=spt_find_pag expr="is_not_found" value=0
[DEG] r=thrd tid= 4 p4=0x800424f000 k=return fn=spt_find_pag value=0x8004248818
[DEG] r=thrd tid= 4 p4=0x800424f000 k=call   fn=vm_alloc_pag args={type=1 upage=0x403000 writable=0 init=0 aux=0}
[DEG] r=thrd tid= 4 p4=0x800424f000 k=call   fn=spt_find_pag args={spt=0x80042510f0 va=0x403000}
[DEG] r=thrd tid= 4 p4=0x800424f000 k=branch fn=spt_find_pag expr="is_not_found" value=1
[DEG] r=thrd tid= 4 p4=0x800424f000 k=return fn=spt_find_pag value=0
[DEG] r=thrd tid= 4 p4=0x800424f000 k=call   fn=spt_insert_p args={spt=0x80042510f0 page=0x8004248898 va=0x403000}
[DEG] r=thrd tid= 4 p4=0x800424f000 k=return fn=spt_insert_p value=1
[DEG] r=thrd tid= 4 p4=0x800424f000 k=return fn=vm_alloc_pag value=true
[DEG] r=thrd tid= 4 p4=0x800424f000 k=call   fn=vm_claim_pag args={va=0x403000}
[DEG] r=thrd tid= 4 p4=0x800424f000 k=call   fn=spt_find_pag args={spt=0x80042510f0 va=0x403000}
[DEG] r=thrd tid= 4 p4=0x800424f000 k=branch fn=spt_find_pag expr="is_not_found" value=0
[DEG] r=thrd tid= 4 p4=0x800424f000 k=return fn=spt_find_pag value=0x8004248898
[DEG] r=thrd tid= 4 p4=0x800424f000 k=call   fn=vm_do_claim_ args={page=0x8004248898 va=0x403000}
[DEG] r=thrd tid= 4 p4=0x800424f000 k=call   fn=vm_get_frame args={void}
[DEG] r=thrd tid= 4 p4=0x800424f000 k=return fn=vm_get_frame value=0x800424b278
[DEG] r=thrd tid= 4 p4=0x800424f000 k=return fn=vm_do_claim_ value=0 result=1 page=0x8004248898 frame=0x800424b278 kva=0x8004a33000
[DEG] r=thrd tid= 4 p4=0x800424f000 k=return fn=vm_claim_pag value=1 page=0x8004248898
[DEG] r=thrd tid= 4 p4=0x800424f000 k=call   fn=spt_find_pag args={spt=0x80042510f0 va=0x403000}
[DEG] r=thrd tid= 4 p4=0x800424f000 k=branch fn=spt_find_pag expr="is_not_found" value=0
[DEG] r=thrd tid= 4 p4=0x800424f000 k=return fn=spt_find_pag value=0x8004248898
[DEG] r=thrd tid= 4 p4=0x800424f000 k=call   fn=vm_alloc_pag args={type=1 upage=0x402000 writable=0 init=0 aux=0}
[DEG] r=thrd tid= 4 p4=0x800424f000 k=call   fn=spt_find_pag args={spt=0x80042510f0 va=0x402000}
[DEG] r=thrd tid= 4 p4=0x800424f000 k=branch fn=spt_find_pag expr="is_not_found" value=1
[DEG] r=thrd tid= 4 p4=0x800424f000 k=return fn=spt_find_pag value=0
[DEG] r=thrd tid= 4 p4=0x800424f000 k=call   fn=spt_insert_p args={spt=0x80042510f0 page=0x8004248918 va=0x402000}
[DEG] r=thrd tid= 4 p4=0x800424f000 k=return fn=spt_insert_p value=1
[DEG] r=thrd tid= 4 p4=0x800424f000 k=return fn=vm_alloc_pag value=true
[DEG] r=thrd tid= 4 p4=0x800424f000 k=call   fn=vm_claim_pag args={va=0x402000}
[DEG] r=thrd tid= 4 p4=0x800424f000 k=call   fn=spt_find_pag args={spt=0x80042510f0 va=0x402000}
[DEG] r=thrd tid= 4 p4=0x800424f000 k=branch fn=spt_find_pag expr="is_not_found" value=0
[DEG] r=thrd tid= 4 p4=0x800424f000 k=return fn=spt_find_pag value=0x8004248918
[DEG] r=thrd tid= 4 p4=0x800424f000 k=call   fn=vm_do_claim_ args={page=0x8004248918 va=0x402000}
[DEG] r=thrd tid= 4 p4=0x800424f000 k=call   fn=vm_get_frame args={void}
[DEG] r=thrd tid= 4 p4=0x800424f000 k=return fn=vm_get_frame value=0x800424b298
[DEG] r=thrd tid= 4 p4=0x800424f000 k=return fn=vm_do_claim_ value=0 result=1 page=0x8004248918 frame=0x800424b298 kva=0x8004a34000
[DEG] r=thrd tid= 4 p4=0x800424f000 k=return fn=vm_claim_pag value=1 page=0x8004248918
[DEG] r=thrd tid= 4 p4=0x800424f000 k=call   fn=spt_find_pag args={spt=0x80042510f0 va=0x402000}
[DEG] r=thrd tid= 4 p4=0x800424f000 k=branch fn=spt_find_pag expr="is_not_found" value=0
[DEG] r=thrd tid= 4 p4=0x800424f000 k=return fn=spt_find_pag value=0x8004248918
[DEG] r=thrd tid= 4 p4=0x800424f000 k=call   fn=vm_alloc_pag args={type=1 upage=0x401000 writable=0 init=0 aux=0}
[DEG] r=thrd tid= 4 p4=0x800424f000 k=call   fn=spt_find_pag args={spt=0x80042510f0 va=0x401000}
[DEG] r=thrd tid= 4 p4=0x800424f000 k=branch fn=spt_find_pag expr="is_not_found" value=1
[DEG] r=thrd tid= 4 p4=0x800424f000 k=return fn=spt_find_pag value=0
[DEG] r=thrd tid= 4 p4=0x800424f000 k=call   fn=spt_insert_p args={spt=0x80042510f0 page=0x8004248998 va=0x401000}
[DEG] r=thrd tid= 4 p4=0x800424f000 k=return fn=spt_insert_p value=1
[DEG] r=thrd tid= 4 p4=0x800424f000 k=return fn=vm_alloc_pag value=true
[DEG] r=thrd tid= 4 p4=0x800424f000 k=call   fn=vm_claim_pag args={va=0x401000}
[DEG] r=thrd tid= 4 p4=0x800424f000 k=call   fn=spt_find_pag args={spt=0x80042510f0 va=0x401000}
[DEG] r=thrd tid= 4 p4=0x800424f000 k=branch fn=spt_find_pag expr="is_not_found" value=0
[DEG] r=thrd tid= 4 p4=0x800424f000 k=return fn=spt_find_pag value=0x8004248998
[DEG] r=thrd tid= 4 p4=0x800424f000 k=call   fn=vm_do_claim_ args={page=0x8004248998 va=0x401000}
[DEG] r=thrd tid= 4 p4=0x800424f000 k=call   fn=vm_get_frame args={void}
[DEG] r=thrd tid= 4 p4=0x800424f000 k=return fn=vm_get_frame value=0x800424b2b8
[DEG] r=thrd tid= 4 p4=0x800424f000 k=return fn=vm_do_claim_ value=0 result=1 page=0x8004248998 frame=0x800424b2b8 kva=0x8004a35000
[DEG] r=thrd tid= 4 p4=0x800424f000 k=return fn=vm_claim_pag value=1 page=0x8004248998
[DEG] r=thrd tid= 4 p4=0x800424f000 k=call   fn=spt_find_pag args={spt=0x80042510f0 va=0x401000}
[DEG] r=thrd tid= 4 p4=0x800424f000 k=branch fn=spt_find_pag expr="is_not_found" value=0
[DEG] r=thrd tid= 4 p4=0x800424f000 k=return fn=spt_find_pag value=0x8004248998
[DEG] r=thrd tid= 4 p4=0x800424f000 k=call   fn=vm_alloc_pag args={type=1 upage=0x400000 writable=0 init=0 aux=0}
[DEG] r=thrd tid= 4 p4=0x800424f000 k=call   fn=spt_find_pag args={spt=0x80042510f0 va=0x400000}
[DEG] r=thrd tid= 4 p4=0x800424f000 k=branch fn=spt_find_pag expr="is_not_found" value=1
[DEG] r=thrd tid= 4 p4=0x800424f000 k=return fn=spt_find_pag value=0
[DEG] r=thrd tid= 4 p4=0x800424f000 k=call   fn=spt_insert_p args={spt=0x80042510f0 page=0x8004248a18 va=0x400000}
[DEG] r=thrd tid= 4 p4=0x800424f000 k=return fn=spt_insert_p value=1
[DEG] r=thrd tid= 4 p4=0x800424f000 k=return fn=vm_alloc_pag value=true
[DEG] r=thrd tid= 4 p4=0x800424f000 k=call   fn=vm_claim_pag args={va=0x400000}
[DEG] r=thrd tid= 4 p4=0x800424f000 k=call   fn=spt_find_pag args={spt=0x80042510f0 va=0x400000}
[DEG] r=thrd tid= 4 p4=0x800424f000 k=branch fn=spt_find_pag expr="is_not_found" value=0
[DEG] r=thrd tid= 4 p4=0x800424f000 k=return fn=spt_find_pag value=0x8004248a18
[DEG] r=thrd tid= 4 p4=0x800424f000 k=call   fn=vm_do_claim_ args={page=0x8004248a18 va=0x400000}
[DEG] r=thrd tid= 4 p4=0x800424f000 k=call   fn=vm_get_frame args={void}
[DEG] r=thrd tid= 4 p4=0x800424f000 k=return fn=vm_get_frame value=0x800424b2d8
[DEG] r=thrd tid= 4 p4=0x800424f000 k=return fn=vm_do_claim_ value=0 result=1 page=0x8004248a18 frame=0x800424b2d8 kva=0x8004a36000
[DEG] r=thrd tid= 4 p4=0x800424f000 k=return fn=vm_claim_pag value=1 page=0x8004248a18
[DEG] r=thrd tid= 4 p4=0x800424f000 k=call   fn=spt_find_pag args={spt=0x80042510f0 va=0x400000}
[DEG] r=thrd tid= 4 p4=0x800424f000 k=branch fn=spt_find_pag expr="is_not_found" value=0
[DEG] r=thrd tid= 4 p4=0x800424f000 k=return fn=spt_find_pag value=0x8004248a18
[DEG] r=thrd tid= 4 p4=0x800424f000 k=call   fn=vm_alloc_pag args={type=1 upage=0x4747f000 writable=1 init=0 aux=0}
[DEG] r=thrd tid= 4 p4=0x800424f000 k=call   fn=spt_find_pag args={spt=0x80042510f0 va=0x4747f000}
[DEG] r=thrd tid= 4 p4=0x800424f000 k=branch fn=spt_find_pag expr="is_not_found" value=1
[DEG] r=thrd tid= 4 p4=0x800424f000 k=return fn=spt_find_pag value=0
[DEG] r=thrd tid= 4 p4=0x800424f000 k=call   fn=spt_insert_p args={spt=0x80042510f0 page=0x8004248a98 va=0x4747f000}
[DEG] r=thrd tid= 4 p4=0x800424f000 k=return fn=spt_insert_p value=1
[DEG] r=thrd tid= 4 p4=0x800424f000 k=return fn=vm_alloc_pag value=true
[DEG] r=thrd tid= 4 p4=0x800424f000 k=call   fn=vm_claim_pag args={va=0x4747f000}
[DEG] r=thrd tid= 4 p4=0x800424f000 k=call   fn=spt_find_pag args={spt=0x80042510f0 va=0x4747f000}
[DEG] r=thrd tid= 4 p4=0x800424f000 k=branch fn=spt_find_pag expr="is_not_found" value=0
[DEG] r=thrd tid= 4 p4=0x800424f000 k=return fn=spt_find_pag value=0x8004248a98
[DEG] r=thrd tid= 4 p4=0x800424f000 k=call   fn=vm_do_claim_ args={page=0x8004248a98 va=0x4747f000}
[DEG] r=thrd tid= 4 p4=0x800424f000 k=call   fn=vm_get_frame args={void}
[DEG] r=thrd tid= 4 p4=0x800424f000 k=return fn=vm_get_frame value=0x800424b2f8
[DEG] r=thrd tid= 4 p4=0x800424f000 k=return fn=vm_do_claim_ value=0 result=1 page=0x8004248a98 frame=0x800424b2f8 kva=0x8004a37000
[DEG] r=thrd tid= 4 p4=0x800424f000 k=return fn=vm_claim_pag value=1 page=0x8004248a98
[DEG] r=thrd tid= 4 p4=0x800424f000 k=call   fn=spt_find_pag args={spt=0x80042510f0 va=0x4747f000}
[DEG] r=thrd tid= 4 p4=0x800424f000 k=branch fn=spt_find_pag expr="is_not_found" value=0
[DEG] r=thrd tid= 4 p4=0x800424f000 k=return fn=spt_find_pag value=0x8004248a98
[DEG] r=thrd tid= 4 p4=0x800424f000 k=return fn=supplemental value=true
(fork-multiple) child run
child: exit(4)
[DEG] r=thrd tid= 4 p4=0x800424f000 k=call   fn=supplemental args={kill spt=0x80042510f0}
[DEG] r=thrd tid= 4 p4=0x800424f000 k=return fn=supplemental void
(fork-multiple) Parent: child exit status is 4
[DEG] r=thrd tid= 5 p4=0x800424f000 k=call   fn=supplemental args={init spt=0x80042520f0}
[DEG] r=thrd tid= 5 p4=0x800424f000 k=return fn=supplemental void
[DEG] r=thrd tid= 5 p4=0x800424f000 k=call   fn=supplemental args={copy dst=0x80042520f0 src=0x80042490f0}
[DEG] r=thrd tid= 5 p4=0x800424f000 k=call   fn=vm_alloc_pag args={type=1 upage=0x3ff000 writable=0 init=0x800421f083 aux=0x800424b018}
[DEG] r=thrd tid= 5 p4=0x800424f000 k=call   fn=spt_find_pag args={spt=0x80042520f0 va=0x3ff000}
[DEG] r=thrd tid= 5 p4=0x800424f000 k=branch fn=spt_find_pag expr="is_not_found" value=1
[DEG] r=thrd tid= 5 p4=0x800424f000 k=return fn=spt_find_pag value=0
[DEG] r=thrd tid= 5 p4=0x800424f000 k=call   fn=spt_insert_p args={spt=0x80042520f0 page=0x8004248a98 va=0x3ff000}
[DEG] r=thrd tid= 5 p4=0x800424f000 k=return fn=spt_insert_p value=1
[DEG] r=thrd tid= 5 p4=0x800424f000 k=return fn=vm_alloc_pag value=true
[DEG] r=thrd tid= 5 p4=0x800424f000 k=call   fn=vm_alloc_pag args={type=1 upage=0x406000 writable=1 init=0 aux=0}
[DEG] r=thrd tid= 5 p4=0x800424f000 k=call   fn=spt_find_pag args={spt=0x80042520f0 va=0x406000}
[DEG] r=thrd tid= 5 p4=0x800424f000 k=branch fn=spt_find_pag expr="is_not_found" value=1
[DEG] r=thrd tid= 5 p4=0x800424f000 k=return fn=spt_find_pag value=0
[DEG] r=thrd tid= 5 p4=0x800424f000 k=call   fn=spt_insert_p args={spt=0x80042520f0 page=0x8004248718 va=0x406000}
[DEG] r=thrd tid= 5 p4=0x800424f000 k=return fn=spt_insert_p value=1
[DEG] r=thrd tid= 5 p4=0x800424f000 k=return fn=vm_alloc_pag value=true
[DEG] r=thrd tid= 5 p4=0x800424f000 k=call   fn=vm_claim_pag args={va=0x406000}
[DEG] r=thrd tid= 5 p4=0x800424f000 k=call   fn=spt_find_pag args={spt=0x80042520f0 va=0x406000}
[DEG] r=thrd tid= 5 p4=0x800424f000 k=branch fn=spt_find_pag expr="is_not_found" value=0
[DEG] r=thrd tid= 5 p4=0x800424f000 k=return fn=spt_find_pag value=0x8004248718
[DEG] r=thrd tid= 5 p4=0x800424f000 k=call   fn=vm_do_claim_ args={page=0x8004248718 va=0x406000}
[DEG] r=thrd tid= 5 p4=0x800424f000 k=call   fn=vm_get_frame args={void}
[DEG] r=thrd tid= 5 p4=0x800424f000 k=return fn=vm_get_frame value=0x800424b2f8
[DEG] r=thrd tid= 5 p4=0x800424f000 k=return fn=vm_do_claim_ value=0 result=1 page=0x8004248718 frame=0x800424b2f8 kva=0x8004a30000
[DEG] r=thrd tid= 5 p4=0x800424f000 k=return fn=vm_claim_pag value=1 page=0x8004248718
[DEG] r=thrd tid= 5 p4=0x800424f000 k=call   fn=spt_find_pag args={spt=0x80042520f0 va=0x406000}
[DEG] r=thrd tid= 5 p4=0x800424f000 k=branch fn=spt_find_pag expr="is_not_found" value=0
[DEG] r=thrd tid= 5 p4=0x800424f000 k=return fn=spt_find_pag value=0x8004248718
[DEG] r=thrd tid= 5 p4=0x800424f000 k=call   fn=vm_alloc_pag args={type=1 upage=0x405000 writable=1 init=0 aux=0}
[DEG] r=thrd tid= 5 p4=0x800424f000 k=call   fn=spt_find_pag args={spt=0x80042520f0 va=0x405000}
[DEG] r=thrd tid= 5 p4=0x800424f000 k=branch fn=spt_find_pag expr="is_not_found" value=1
[DEG] r=thrd tid= 5 p4=0x800424f000 k=return fn=spt_find_pag value=0
[DEG] r=thrd tid= 5 p4=0x800424f000 k=call   fn=spt_insert_p args={spt=0x80042520f0 page=0x8004248798 va=0x405000}
[DEG] r=thrd tid= 5 p4=0x800424f000 k=return fn=spt_insert_p value=1
[DEG] r=thrd tid= 5 p4=0x800424f000 k=return fn=vm_alloc_pag value=true
[DEG] r=thrd tid= 5 p4=0x800424f000 k=call   fn=vm_claim_pag args={va=0x405000}
[DEG] r=thrd tid= 5 p4=0x800424f000 k=call   fn=spt_find_pag args={spt=0x80042520f0 va=0x405000}
[DEG] r=thrd tid= 5 p4=0x800424f000 k=branch fn=spt_find_pag expr="is_not_found" value=0
[DEG] r=thrd tid= 5 p4=0x800424f000 k=return fn=spt_find_pag value=0x8004248798
[DEG] r=thrd tid= 5 p4=0x800424f000 k=call   fn=vm_do_claim_ args={page=0x8004248798 va=0x405000}
[DEG] r=thrd tid= 5 p4=0x800424f000 k=call   fn=vm_get_frame args={void}
[DEG] r=thrd tid= 5 p4=0x800424f000 k=return fn=vm_get_frame value=0x800424b0f8
[DEG] r=thrd tid= 5 p4=0x800424f000 k=return fn=vm_do_claim_ value=0 result=1 page=0x8004248798 frame=0x800424b0f8 kva=0x8004a31000
[DEG] r=thrd tid= 5 p4=0x800424f000 k=return fn=vm_claim_pag value=1 page=0x8004248798
[DEG] r=thrd tid= 5 p4=0x800424f000 k=call   fn=spt_find_pag args={spt=0x80042520f0 va=0x405000}
[DEG] r=thrd tid= 5 p4=0x800424f000 k=branch fn=spt_find_pag expr="is_not_found" value=0
[DEG] r=thrd tid= 5 p4=0x800424f000 k=return fn=spt_find_pag value=0x8004248798
[DEG] r=thrd tid= 5 p4=0x800424f000 k=call   fn=vm_alloc_pag args={type=1 upage=0x404000 writable=0 init=0 aux=0}
[DEG] r=thrd tid= 5 p4=0x800424f000 k=call   fn=spt_find_pag args={spt=0x80042520f0 va=0x404000}
[DEG] r=thrd tid= 5 p4=0x800424f000 k=branch fn=spt_find_pag expr="is_not_found" value=1
[DEG] r=thrd tid= 5 p4=0x800424f000 k=return fn=spt_find_pag value=0
[DEG] r=thrd tid= 5 p4=0x800424f000 k=call   fn=spt_insert_p args={spt=0x80042520f0 page=0x8004248818 va=0x404000}
[DEG] r=thrd tid= 5 p4=0x800424f000 k=return fn=spt_insert_p value=1
[DEG] r=thrd tid= 5 p4=0x800424f000 k=return fn=vm_alloc_pag value=true
[DEG] r=thrd tid= 5 p4=0x800424f000 k=call   fn=vm_claim_pag args={va=0x404000}
[DEG] r=thrd tid= 5 p4=0x800424f000 k=call   fn=spt_find_pag args={spt=0x80042520f0 va=0x404000}
[DEG] r=thrd tid= 5 p4=0x800424f000 k=branch fn=spt_find_pag expr="is_not_found" value=0
[DEG] r=thrd tid= 5 p4=0x800424f000 k=return fn=spt_find_pag value=0x8004248818
[DEG] r=thrd tid= 5 p4=0x800424f000 k=call   fn=vm_do_claim_ args={page=0x8004248818 va=0x404000}
[DEG] r=thrd tid= 5 p4=0x800424f000 k=call   fn=vm_get_frame args={void}
[DEG] r=thrd tid= 5 p4=0x800424f000 k=return fn=vm_get_frame value=0x800424b238
[DEG] r=thrd tid= 5 p4=0x800424f000 k=return fn=vm_do_claim_ value=0 result=1 page=0x8004248818 frame=0x800424b238 kva=0x8004a32000
[DEG] r=thrd tid= 5 p4=0x800424f000 k=return fn=vm_claim_pag value=1 page=0x8004248818
[DEG] r=thrd tid= 5 p4=0x800424f000 k=call   fn=spt_find_pag args={spt=0x80042520f0 va=0x404000}
[DEG] r=thrd tid= 5 p4=0x800424f000 k=branch fn=spt_find_pag expr="is_not_found" value=0
[DEG] r=thrd tid= 5 p4=0x800424f000 k=return fn=spt_find_pag value=0x8004248818
[DEG] r=thrd tid= 5 p4=0x800424f000 k=call   fn=vm_alloc_pag args={type=1 upage=0x403000 writable=0 init=0 aux=0}
[DEG] r=thrd tid= 5 p4=0x800424f000 k=call   fn=spt_find_pag args={spt=0x80042520f0 va=0x403000}
[DEG] r=thrd tid= 5 p4=0x800424f000 k=branch fn=spt_find_pag expr="is_not_found" value=1
[DEG] r=thrd tid= 5 p4=0x800424f000 k=return fn=spt_find_pag value=0
[DEG] r=thrd tid= 5 p4=0x800424f000 k=call   fn=spt_insert_p args={spt=0x80042520f0 page=0x8004248898 va=0x403000}
[DEG] r=thrd tid= 5 p4=0x800424f000 k=return fn=spt_insert_p value=1
[DEG] r=thrd tid= 5 p4=0x800424f000 k=return fn=vm_alloc_pag value=true
[DEG] r=thrd tid= 5 p4=0x800424f000 k=call   fn=vm_claim_pag args={va=0x403000}
[DEG] r=thrd tid= 5 p4=0x800424f000 k=call   fn=spt_find_pag args={spt=0x80042520f0 va=0x403000}
[DEG] r=thrd tid= 5 p4=0x800424f000 k=branch fn=spt_find_pag expr="is_not_found" value=0
[DEG] r=thrd tid= 5 p4=0x800424f000 k=return fn=spt_find_pag value=0x8004248898
[DEG] r=thrd tid= 5 p4=0x800424f000 k=call   fn=vm_do_claim_ args={page=0x8004248898 va=0x403000}
[DEG] r=thrd tid= 5 p4=0x800424f000 k=call   fn=vm_get_frame args={void}
[DEG] r=thrd tid= 5 p4=0x800424f000 k=return fn=vm_get_frame value=0x800424b258
[DEG] r=thrd tid= 5 p4=0x800424f000 k=return fn=vm_do_claim_ value=0 result=1 page=0x8004248898 frame=0x800424b258 kva=0x8004a33000
[DEG] r=thrd tid= 5 p4=0x800424f000 k=return fn=vm_claim_pag value=1 page=0x8004248898
[DEG] r=thrd tid= 5 p4=0x800424f000 k=call   fn=spt_find_pag args={spt=0x80042520f0 va=0x403000}
[DEG] r=thrd tid= 5 p4=0x800424f000 k=branch fn=spt_find_pag expr="is_not_found" value=0
[DEG] r=thrd tid= 5 p4=0x800424f000 k=return fn=spt_find_pag value=0x8004248898
[DEG] r=thrd tid= 5 p4=0x800424f000 k=call   fn=vm_alloc_pag args={type=1 upage=0x402000 writable=0 init=0 aux=0}
[DEG] r=thrd tid= 5 p4=0x800424f000 k=call   fn=spt_find_pag args={spt=0x80042520f0 va=0x402000}
[DEG] r=thrd tid= 5 p4=0x800424f000 k=branch fn=spt_find_pag expr="is_not_found" value=1
[DEG] r=thrd tid= 5 p4=0x800424f000 k=return fn=spt_find_pag value=0
[DEG] r=thrd tid= 5 p4=0x800424f000 k=call   fn=spt_insert_p args={spt=0x80042520f0 page=0x8004248918 va=0x402000}
[DEG] r=thrd tid= 5 p4=0x800424f000 k=return fn=spt_insert_p value=1
[DEG] r=thrd tid= 5 p4=0x800424f000 k=return fn=vm_alloc_pag value=true
[DEG] r=thrd tid= 5 p4=0x800424f000 k=call   fn=vm_claim_pag args={va=0x402000}
[DEG] r=thrd tid= 5 p4=0x800424f000 k=call   fn=spt_find_pag args={spt=0x80042520f0 va=0x402000}
[DEG] r=thrd tid= 5 p4=0x800424f000 k=branch fn=spt_find_pag expr="is_not_found" value=0
[DEG] r=thrd tid= 5 p4=0x800424f000 k=return fn=spt_find_pag value=0x8004248918
[DEG] r=thrd tid= 5 p4=0x800424f000 k=call   fn=vm_do_claim_ args={page=0x8004248918 va=0x402000}
[DEG] r=thrd tid= 5 p4=0x800424f000 k=call   fn=vm_get_frame args={void}
[DEG] r=thrd tid= 5 p4=0x800424f000 k=return fn=vm_get_frame value=0x800424b278
[DEG] r=thrd tid= 5 p4=0x800424f000 k=return fn=vm_do_claim_ value=0 result=1 page=0x8004248918 frame=0x800424b278 kva=0x8004a34000
[DEG] r=thrd tid= 5 p4=0x800424f000 k=return fn=vm_claim_pag value=1 page=0x8004248918
[DEG] r=thrd tid= 5 p4=0x800424f000 k=call   fn=spt_find_pag args={spt=0x80042520f0 va=0x402000}
[DEG] r=thrd tid= 5 p4=0x800424f000 k=branch fn=spt_find_pag expr="is_not_found" value=0
[DEG] r=thrd tid= 5 p4=0x800424f000 k=return fn=spt_find_pag value=0x8004248918
[DEG] r=thrd tid= 5 p4=0x800424f000 k=call   fn=vm_alloc_pag args={type=1 upage=0x401000 writable=0 init=0 aux=0}
[DEG] r=thrd tid= 5 p4=0x800424f000 k=call   fn=spt_find_pag args={spt=0x80042520f0 va=0x401000}
[DEG] r=thrd tid= 5 p4=0x800424f000 k=branch fn=spt_find_pag expr="is_not_found" value=1
[DEG] r=thrd tid= 5 p4=0x800424f000 k=return fn=spt_find_pag value=0
[DEG] r=thrd tid= 5 p4=0x800424f000 k=call   fn=spt_insert_p args={spt=0x80042520f0 page=0x8004248998 va=0x401000}
[DEG] r=thrd tid= 5 p4=0x800424f000 k=return fn=spt_insert_p value=1
[DEG] r=thrd tid= 5 p4=0x800424f000 k=return fn=vm_alloc_pag value=true
[DEG] r=thrd tid= 5 p4=0x800424f000 k=call   fn=vm_claim_pag args={va=0x401000}
[DEG] r=thrd tid= 5 p4=0x800424f000 k=call   fn=spt_find_pag args={spt=0x80042520f0 va=0x401000}
[DEG] r=thrd tid= 5 p4=0x800424f000 k=branch fn=spt_find_pag expr="is_not_found" value=0
[DEG] r=thrd tid= 5 p4=0x800424f000 k=return fn=spt_find_pag value=0x8004248998
[DEG] r=thrd tid= 5 p4=0x800424f000 k=call   fn=vm_do_claim_ args={page=0x8004248998 va=0x401000}
[DEG] r=thrd tid= 5 p4=0x800424f000 k=call   fn=vm_get_frame args={void}
[DEG] r=thrd tid= 5 p4=0x800424f000 k=return fn=vm_get_frame value=0x800424b298
[DEG] r=thrd tid= 5 p4=0x800424f000 k=return fn=vm_do_claim_ value=0 result=1 page=0x8004248998 frame=0x800424b298 kva=0x8004a35000
[DEG] r=thrd tid= 5 p4=0x800424f000 k=return fn=vm_claim_pag value=1 page=0x8004248998
[DEG] r=thrd tid= 5 p4=0x800424f000 k=call   fn=spt_find_pag args={spt=0x80042520f0 va=0x401000}
[DEG] r=thrd tid= 5 p4=0x800424f000 k=branch fn=spt_find_pag expr="is_not_found" value=0
[DEG] r=thrd tid= 5 p4=0x800424f000 k=return fn=spt_find_pag value=0x8004248998
[DEG] r=thrd tid= 5 p4=0x800424f000 k=call   fn=vm_alloc_pag args={type=1 upage=0x400000 writable=0 init=0 aux=0}
[DEG] r=thrd tid= 5 p4=0x800424f000 k=call   fn=spt_find_pag args={spt=0x80042520f0 va=0x400000}
[DEG] r=thrd tid= 5 p4=0x800424f000 k=branch fn=spt_find_pag expr="is_not_found" value=1
[DEG] r=thrd tid= 5 p4=0x800424f000 k=return fn=spt_find_pag value=0
[DEG] r=thrd tid= 5 p4=0x800424f000 k=call   fn=spt_insert_p args={spt=0x80042520f0 page=0x8004248a18 va=0x400000}
[DEG] r=thrd tid= 5 p4=0x800424f000 k=return fn=spt_insert_p value=1
[DEG] r=thrd tid= 5 p4=0x800424f000 k=return fn=vm_alloc_pag value=true
[DEG] r=thrd tid= 5 p4=0x800424f000 k=call   fn=vm_claim_pag args={va=0x400000}
[DEG] r=thrd tid= 5 p4=0x800424f000 k=call   fn=spt_find_pag args={spt=0x80042520f0 va=0x400000}
[DEG] r=thrd tid= 5 p4=0x800424f000 k=branch fn=spt_find_pag expr="is_not_found" value=0
[DEG] r=thrd tid= 5 p4=0x800424f000 k=return fn=spt_find_pag value=0x8004248a18
[DEG] r=thrd tid= 5 p4=0x800424f000 k=call   fn=vm_do_claim_ args={page=0x8004248a18 va=0x400000}
[DEG] r=thrd tid= 5 p4=0x800424f000 k=call   fn=vm_get_frame args={void}
[DEG] r=thrd tid= 5 p4=0x800424f000 k=return fn=vm_get_frame value=0x800424b2b8
[DEG] r=thrd tid= 5 p4=0x800424f000 k=return fn=vm_do_claim_ value=0 result=1 page=0x8004248a18 frame=0x800424b2b8 kva=0x8004a36000
[DEG] r=thrd tid= 5 p4=0x800424f000 k=return fn=vm_claim_pag value=1 page=0x8004248a18
[DEG] r=thrd tid= 5 p4=0x800424f000 k=call   fn=spt_find_pag args={spt=0x80042520f0 va=0x400000}
[DEG] r=thrd tid= 5 p4=0x800424f000 k=branch fn=spt_find_pag expr="is_not_found" value=0
[DEG] r=thrd tid= 5 p4=0x800424f000 k=return fn=spt_find_pag value=0x8004248a18
[DEG] r=thrd tid= 5 p4=0x800424f000 k=call   fn=vm_alloc_pag args={type=1 upage=0x4747f000 writable=1 init=0 aux=0}
[DEG] r=thrd tid= 5 p4=0x800424f000 k=call   fn=spt_find_pag args={spt=0x80042520f0 va=0x4747f000}
[DEG] r=thrd tid= 5 p4=0x800424f000 k=branch fn=spt_find_pag expr="is_not_found" value=1
[DEG] r=thrd tid= 5 p4=0x800424f000 k=return fn=spt_find_pag value=0
[DEG] r=thrd tid= 5 p4=0x800424f000 k=call   fn=spt_insert_p args={spt=0x80042520f0 page=0x8004248698 va=0x4747f000}
[DEG] r=thrd tid= 5 p4=0x800424f000 k=return fn=spt_insert_p value=1
[DEG] r=thrd tid= 5 p4=0x800424f000 k=return fn=vm_alloc_pag value=true
[DEG] r=thrd tid= 5 p4=0x800424f000 k=call   fn=vm_claim_pag args={va=0x4747f000}
[DEG] r=thrd tid= 5 p4=0x800424f000 k=call   fn=spt_find_pag args={spt=0x80042520f0 va=0x4747f000}
[DEG] r=thrd tid= 5 p4=0x800424f000 k=branch fn=spt_find_pag expr="is_not_found" value=0
[DEG] r=thrd tid= 5 p4=0x800424f000 k=return fn=spt_find_pag value=0x8004248698
[DEG] r=thrd tid= 5 p4=0x800424f000 k=call   fn=vm_do_claim_ args={page=0x8004248698 va=0x4747f000}
[DEG] r=thrd tid= 5 p4=0x800424f000 k=call   fn=vm_get_frame args={void}
[DEG] r=thrd tid= 5 p4=0x800424f000 k=return fn=vm_get_frame value=0x800424b2d8
[DEG] r=thrd tid= 5 p4=0x800424f000 k=return fn=vm_do_claim_ value=0 result=1 page=0x8004248698 frame=0x800424b2d8 kva=0x8004a37000
[DEG] r=thrd tid= 5 p4=0x800424f000 k=return fn=vm_claim_pag value=1 page=0x8004248698
[DEG] r=thrd tid= 5 p4=0x800424f000 k=call   fn=spt_find_pag args={spt=0x80042520f0 va=0x4747f000}
[DEG] r=thrd tid= 5 p4=0x800424f000 k=branch fn=spt_find_pag expr="is_not_found" value=0
[DEG] r=thrd tid= 5 p4=0x800424f000 k=return fn=spt_find_pag value=0x8004248698
[DEG] r=thrd tid= 5 p4=0x800424f000 k=return fn=supplemental value=true
(fork-multiple) child run
child: exit(5)
[DEG] r=thrd tid= 5 p4=0x800424f000 k=call   fn=supplemental args={kill spt=0x80042520f0}
Interrupt 0x0d (#GP General Protection Exception) at rip=8004219b27
 cr2=0000000000406320 error=               0
rax cccccccccccccccc rbx 0000000000000005 rcx 0000000000000020 rdx 000000800424b018
rsp 0000008004252c30 rbp 0000008004252c40 rsi 000000800424b018 rdi 000000800424b018
rip 0000008004219b27 r8 0000008004252ca8  r9 000000800421cd0f r10 00000080042167d7
r11 0000000000000202 r12 000000800424f000 r13 0000008000000001 r14 0000008004249000
r15 0000008004249000 rflags 00000206
es: 001b ds: 001b cs: 0008 ss: 0010
Kernel PANIC at ../../userprog/exception.c:89 in kill(): Kernel bug - unexpected interrupt in kernel
Call stack: 0x80042194d9 0x800422016a 0x8004209671 0x8004209ac9 0x8004219d48 0x800420cabd 0x8004226b84 0x8004225c28 0x80042267a7 0x800421bd8f 0x800421be16 0x8004226632 0x800421e24b 0x800421e131 0x80042076b6 0x800422065c 0x8004220314 0x4000ba 0x4000dc 0x400159 0x400c64 0[DEG] r=thrd tid= 5 p4=0x800424f000 k=call   fn=vm_try_handl args={f=0x80042529b0 addr=0x421a04a user=0 write=0 not_present=1}
[DEG] r=thrd tid= 5 p4=0x800424f000 k=call   fn=spt_find_pag args={spt=0x80042520f0 va=0x421a000}
[DEG] r=thrd tid= 5 p4=0x800424f000 k=branch fn=spt_find_pag expr="is_not_found" value=1
[DEG] r=thrd tid= 5 p4=0x800424f000 k=return fn=spt_find_p(fork-multiple) Parent: child exit status is 5
ag value=0
[DEG] r=thrd tid= 5 p4=0x800424f000 k=branch fn=vm_try_handl expr="is_not_found" value=1
[DEG] r=thrd tid= 5 p4=0x800424f000 k=return fn=vm_try_handl value=0
Interrupt 0x0e (#PF Page-Fault Exception) at rip=8004216335
 cr2=000000000421a04a error=               0
rax 000000000421a04a rbx 0000000000000005 rcx 00000080040b8000 rdx 00000000000003d4
rsp 0000008004252a70 rbp 0000008004252a80 rsi 0000000000009e0f rdi 0000000000000000
rip 0000008004216335 r8 0000008004252988  r9 000000800421cd0f r10 000[DEG] r=thrd tid= 6 p4=0x8004250000 k=call   fn=supplemental args={init spt=0x80042580f0}
[DEG] r=thrd tid= 6 p4=0x8004250000 k=return fn=supplemental void
[DEG] r=thrd tid= 6 p4=0x8004250000 k=call   fn=supplemental args={copy dst=0x80042580f0 src=0x80042490f0}
[DEG] r=thrd tid= 6 p4=0x8004250000 k=call   fn=vm_alloc_pag args={type=1 upage=0x3ff000 writable=0 init=0x800421f083 aux=0x800424b018}
[DEG] r=thrd tid= 6 p4=0x8004250000 k=call   fn=spt_find_pag args={spt=0x80042580f0 va=0x3ff000}
[DEG] r=thrd tid= 6 p4=0x8004250000 k=branch fn=spt_find_pag expr="is_not_found" value=1
[DEG] r=thrd tid= 6 p4=0x8004250000 k=return fn=spt_find_pag value=0
00080042167d7
r11 0000000000000202 r12 000000800424f000 r13 0000008000000001 r14 0000008004249000
r15 0000008004249000 rflags 00000002
es: 0010 ds: 0010 cs: 0008 ss: 0010
Kernel PANIC recursion at ../../userprog/exception.c:89 in kill().
Timer: 424 ticks
Thread: 38 idle ticks, 40 kernel ticks, 346 user ticks
hd0:0: 0 reads, 0 writes
hd0:1: 92 reads, 268 writes
hd1:0: 120 reads, 0 writes
hd1:1: 0 reads, 0 writes
Console: 58450 characters output
Key